[release-license] OK: Upscayl external discovery only
[release-metadata] OK: 31 components -> C:\Projects\Class_project\edb_make\dist\release-metadata
Built ui_prototype\app.bundle.js from art.jsx, tweaks-panel.jsx, app.jsx
Updated ui_prototype\board.html cache bust to frontend-bundle-c656782ea8e0924644a51abe151d3a52927d62ea830ee483524c3ec8ad0fd134
[frontend-package] OK
[packaged-app] OK: C:\Projects\Class_project\edb_make\dist\Setup
PyInstaller packaging complete.
Packaging complete.
Output folder: C:\Projects\Class_project\edb_make\dist\Setup
[packaged-app] OK: C:\Projects\Class_project\edb_make\dist\Setup
Inno Setup 6 Command-Line Compiler
Copyright (C) 1997-2026 Jordan Russell. All rights reserved.
Portions Copyright (C) 2000-2026 Martijn Laan. All rights reserved.
Portions Copyright (C) 2001-2004 Alex Yackimoff. All rights reserved.
https://www.innosetup.com

Compiler engine version: Inno Setup 6.7.3
Non-commercial use only

Preprocessing
   Reading file: C:\Users\aaaha\AppData\Local\Programs\Inno Setup 6\ISPPBuiltins.iss
Parsing [Setup] section, line 21
Parsing [Setup] section, line 22
Parsing [Setup] section, line 23
Parsing [Setup] section, line 24
Parsing [Setup] section, line 25
Parsing [Setup] section, line 26
Parsing [Setup] section, line 27
Parsing [Setup] section, line 28
Parsing [Setup] section, line 29
Parsing [Setup] section, line 30
Parsing [Setup] section, line 31
Parsing [Setup] section, line 32
Parsing [Setup] section, line 33
Parsing [Setup] section, line 34
Parsing [Setup] section, line 35
Parsing [Setup] section, line 36
Parsing [Setup] section, line 37
Parsing [Setup] section, line 38
Parsing [Setup] section, line 39
Parsing [Setup] section, line 40
Reading file (WizardImageFile)
Reading file (WizardSmallImageFile)
Preparing Setup program executable
   Verification successful
   Updating icons (Setup.e32)
   Updating version info (Setup.e32)
Determining language code pages
Parsing [Languages] section, line 43
   Reading file: C:\Users\aaaha\AppData\Local\Programs\Inno Setup 6\Languages\Korean.isl
Parsing [Languages] section, line 44
   Reading file: C:\Users\aaaha\AppData\Local\Programs\Inno Setup 6\Default.isl
   Messages in script file
Reading default messages from Default.isl
Parsing [Languages] section, line 43
   Reading file: C:\Users\aaaha\AppData\Local\Programs\Inno Setup 6\Languages\Korean.isl
Parsing [Languages] section, line 44
   Reading file: C:\Users\aaaha\AppData\Local\Programs\Inno Setup 6\Default.isl
Parsing [LangOptions], [Messages], and [CustomMessages] sections
   Messages in script file
Reading [Code] section
Parsing [Tasks] section, line 47
Parsing [Icons] section, line 103
Parsing [Icons] section, line 104
Parsing [InstallDelete] section, line 53
Parsing [InstallDelete] section, line 54
Parsing [InstallDelete] section, line 55
Parsing [InstallDelete] section, line 56
Parsing [InstallDelete] section, line 57
Parsing [InstallDelete] section, line 58
Parsing [InstallDelete] section, line 59
Parsing [InstallDelete] section, line 60
Parsing [InstallDelete] section, line 61
Parsing [InstallDelete] section, line 62
Parsing [InstallDelete] section, line 63
Parsing [InstallDelete] section, line 64
Parsing [InstallDelete] section, line 65
Parsing [InstallDelete] section, line 66
Parsing [InstallDelete] section, line 67
Parsing [InstallDelete] section, line 68
Parsing [InstallDelete] section, line 69
Parsing [InstallDelete] section, line 70
Parsing [InstallDelete] section, line 71
Parsing [InstallDelete] section, line 72
Parsing [InstallDelete] section, line 73
Parsing [InstallDelete] section, line 74
Parsing [InstallDelete] section, line 75
Parsing [InstallDelete] section, line 76
Parsing [InstallDelete] section, line 77
Parsing [InstallDelete] section, line 78
Parsing [InstallDelete] section, line 79
Parsing [InstallDelete] section, line 80
Parsing [InstallDelete] section, line 81
Parsing [InstallDelete] section, line 82
Parsing [InstallDelete] section, line 83
Parsing [InstallDelete] section, line 84
Parsing [InstallDelete] section, line 85
Parsing [InstallDelete] section, line 86
Parsing [InstallDelete] section, line 87
Parsing [InstallDelete] section, line 88
Parsing [InstallDelete] section, line 89
Parsing [InstallDelete] section, line 90
Parsing [InstallDelete] section, line 91
Parsing [InstallDelete] section, line 92
Parsing [InstallDelete] section, line 93
Parsing [InstallDelete] section, line 94
Parsing [InstallDelete] section, line 95
Parsing [InstallDelete] section, line 96
Parsing [InstallDelete] section, line 97
Parsing [InstallDelete] section, line 98
Parsing [InstallDelete] section, line 99
Parsing [InstallDelete] section, line 100
Parsing [Run] section, line 107
Parsing [Files] section, line 50
Creating setup files
   Verification successful
   Updating icons (Setup.exe)
   Compressing: C:\Projects\Class_project\edb_make\dist\Setup\Setup.exe
   Compressing: C:\Projects\Class_project\edb_make\dist\Setup\_internal\api-ms-win-core-console-l1-1-0.dll
   Compressing: C:\Projects\Class_project\edb_make\dist\Setup\_internal\api-ms-win-core-datetime-l1-1-0.dll
   Compressing: C:\Projects\Class_project\edb_make\dist\Setup\_internal\api-ms-win-core-debug-l1-1-0.dll
   Compressing: C:\Projects\Class_project\edb_make\dist\Setup\_internal\api-ms-win-core-errorhandling-l1-1-0.dll
   Compressing: C:\Projects\Class_project\edb_make\dist\Setup\_internal\api-ms-win-core-file-l1-1-0.dll
   Compressing: C:\Projects\Class_project\edb_make\dist\Setup\_internal\api-ms-win-core-file-l1-2-0.dll
   Compressing: C:\Projects\Class_project\edb_make\dist\Setup\_internal\api-ms-win-core-file-l2-1-0.dll
   Compressing: C:\Projects\Class_project\edb_make\dist\Setup\_internal\api-ms-win-core-handle-l1-1-0.dll
   Compressing: C:\Projects\Class_project\edb_make\dist\Setup\_internal\api-ms-win-core-heap-l1-1-0.dll
   Compressing: C:\Projects\Class_project\edb_make\dist\Setup\_internal\api-ms-win-core-interlocked-l1-1-0.dll
   Compressing: C:\Projects\Class_project\edb_make\dist\Setup\_internal\api-ms-win-core-libraryloader-l1-1-0.dll
   Compressing: C:\Projects\Class_project\edb_make\dist\Setup\_internal\api-ms-win-core-localization-l1-2-0.dll
   Compressing: C:\Projects\Class_project\edb_make\dist\Setup\_internal\api-ms-win-core-memory-l1-1-0.dll
   Compressing: C:\Projects\Class_project\edb_make\dist\Setup\_internal\api-ms-win-core-namedpipe-l1-1-0.dll
   Compressing: C:\Projects\Class_project\edb_make\dist\Setup\_internal\api-ms-win-core-processenvironment-l1-1-0.dll
   Compressing: C:\Projects\Class_project\edb_make\dist\Setup\_internal\api-ms-win-core-processthreads-l1-1-0.dll
   Compressing: C:\Projects\Class_project\edb_make\dist\Setup\_internal\api-ms-win-core-processthreads-l1-1-1.dll
   Compressing: C:\Projects\Class_project\edb_make\dist\Setup\_internal\api-ms-win-core-profile-l1-1-0.dll
   Compressing: C:\Projects\Class_project\edb_make\dist\Setup\_internal\api-ms-win-core-rtlsupport-l1-1-0.dll
   Compressing: C:\Projects\Class_project\edb_make\dist\Setup\_internal\api-ms-win-core-string-l1-1-0.dll
   Compressing: C:\Projects\Class_project\edb_make\dist\Setup\_internal\api-ms-win-core-synch-l1-1-0.dll
   Compressing: C:\Projects\Class_project\edb_make\dist\Setup\_internal\api-ms-win-core-synch-l1-2-0.dll
   Compressing: C:\Projects\Class_project\edb_make\dist\Setup\_internal\api-ms-win-core-sysinfo-l1-1-0.dll
   Compressing: C:\Projects\Class_project\edb_make\dist\Setup\_internal\api-ms-win-core-timezone-l1-1-0.dll
   Compressing: C:\Projects\Class_project\edb_make\dist\Setup\_internal\api-ms-win-core-util-l1-1-0.dll
   Compressing: C:\Projects\Class_project\edb_make\dist\Setup\_internal\api-ms-win-crt-conio-l1-1-0.dll
   Compressing: C:\Projects\Class_project\edb_make\dist\Setup\_internal\api-ms-win-crt-convert-l1-1-0.dll
   Compressing: C:\Projects\Class_project\edb_make\dist\Setup\_internal\api-ms-win-crt-environment-l1-1-0.dll
   Compressing: C:\Projects\Class_project\edb_make\dist\Setup\_internal\api-ms-win-crt-filesystem-l1-1-0.dll
   Compressing: C:\Projects\Class_project\edb_make\dist\Setup\_internal\api-ms-win-crt-heap-l1-1-0.dll
   Compressing: C:\Projects\Class_project\edb_make\dist\Setup\_internal\api-ms-win-crt-locale-l1-1-0.dll
   Compressing: C:\Projects\Class_project\edb_make\dist\Setup\_internal\api-ms-win-crt-math-l1-1-0.dll
   Compressing: C:\Projects\Class_project\edb_make\dist\Setup\_internal\api-ms-win-crt-private-l1-1-0.dll
   Compressing: C:\Projects\Class_project\edb_make\dist\Setup\_internal\api-ms-win-crt-process-l1-1-0.dll
   Compressing: C:\Projects\Class_project\edb_make\dist\Setup\_internal\api-ms-win-crt-runtime-l1-1-0.dll
   Compressing: C:\Projects\Class_project\edb_make\dist\Setup\_internal\api-ms-win-crt-stdio-l1-1-0.dll
   Compressing: C:\Projects\Class_project\edb_make\dist\Setup\_internal\api-ms-win-crt-string-l1-1-0.dll
   Compressing: C:\Projects\Class_project\edb_make\dist\Setup\_internal\api-ms-win-crt-time-l1-1-0.dll
   Compressing: C:\Projects\Class_project\edb_make\dist\Setup\_internal\api-ms-win-crt-utility-l1-1-0.dll
   Compressing: C:\Projects\Class_project\edb_make\dist\Setup\_internal\app_update_config.json
   Compressing: C:\Projects\Class_project\edb_make\dist\Setup\_internal\base_library.zip
   Compressing: C:\Projects\Class_project\edb_make\dist\Setup\_internal\libcrypto-3-x64.dll
   Compressing: C:\Projects\Class_project\edb_make\dist\Setup\_internal\libffi-8.dll
   Compressing: C:\Projects\Class_project\edb_make\dist\Setup\_internal\libssl-3-x64.dll
   Compressing: C:\Projects\Class_project\edb_make\dist\Setup\_internal\MSVCP140.dll
   Compressing: C:\Projects\Class_project\edb_make\dist\Setup\_internal\pyexpat.pyd
   Compressing: C:\Projects\Class_project\edb_make\dist\Setup\_internal\python3.dll
   Compressing: C:\Projects\Class_project\edb_make\dist\Setup\_internal\python312.dll
   Compressing: C:\Projects\Class_project\edb_make\dist\Setup\_internal\select.pyd
   Compressing: C:\Projects\Class_project\edb_make\dist\Setup\_internal\ucrtbase.dll
   Compressing: C:\Projects\Class_project\edb_make\dist\Setup\_internal\unicodedata.pyd
   Compressing: C:\Projects\Class_project\edb_make\dist\Setup\_internal\VCRUNTIME140.dll
   Compressing: C:\Projects\Class_project\edb_make\dist\Setup\_internal\VCRUNTIME140_1.dll
   Compressing: C:\Projects\Class_project\edb_make\dist\Setup\_internal\_asyncio.pyd
   Compressing: C:\Projects\Class_project\edb_make\dist\Setup\_internal\_bz2.pyd
   Compressing: C:\Projects\Class_project\edb_make\dist\Setup\_internal\_ctypes.pyd
   Compressing: C:\Projects\Class_project\edb_make\dist\Setup\_internal\_decimal.pyd
   Compressing: C:\Projects\Class_project\edb_make\dist\Setup\_internal\_elementtree.pyd
   Compressing: C:\Projects\Class_project\edb_make\dist\Setup\_internal\_hashlib.pyd
   Compressing: C:\Projects\Class_project\edb_make\dist\Setup\_internal\_lzma.pyd
   Compressing: C:\Projects\Class_project\edb_make\dist\Setup\_internal\_multiprocessing.pyd
   Compressing: C:\Projects\Class_project\edb_make\dist\Setup\_internal\_overlapped.pyd
   Compressing: C:\Projects\Class_project\edb_make\dist\Setup\_internal\_queue.pyd
   Compressing: C:\Projects\Class_project\edb_make\dist\Setup\_internal\_socket.pyd
   Compressing: C:\Projects\Class_project\edb_make\dist\Setup\_internal\_ssl.pyd
   Compressing: C:\Projects\Class_project\edb_make\dist\Setup\_internal\_uuid.pyd
   Compressing: C:\Projects\Class_project\edb_make\dist\Setup\_internal\_wmi.pyd
   Compressing: C:\Projects\Class_project\edb_make\dist\Setup\_internal\assets\app_icon.png
   Compressing: C:\Projects\Class_project\edb_make\dist\Setup\_internal\cv2\config-3.py
   Compressing: C:\Projects\Class_project\edb_make\dist\Setup\_internal\cv2\config.py
   Compressing: C:\Projects\Class_project\edb_make\dist\Setup\_internal\cv2\cv2.pyd
   Compressing: C:\Projects\Class_project\edb_make\dist\Setup\_internal\cv2\load_config_py3.py
   Compressing: C:\Projects\Class_project\edb_make\dist\Setup\_internal\cv2\opencv_videoio_ffmpeg4130_64.dll
   Compressing: C:\Projects\Class_project\edb_make\dist\Setup\_internal\cv2\version.py
   Compressing: C:\Projects\Class_project\edb_make\dist\Setup\_internal\cv2\__init__.py
   Compressing: C:\Projects\Class_project\edb_make\dist\Setup\_internal\cv2\data\__init__.py
   Compressing: C:\Projects\Class_project\edb_make\dist\Setup\_internal\cv2\gapi\__init__.py
   Compressing: C:\Projects\Class_project\edb_make\dist\Setup\_internal\cv2\mat_wrapper\__init__.py
   Compressing: C:\Projects\Class_project\edb_make\dist\Setup\_internal\cv2\misc\version.py
   Compressing: C:\Projects\Class_project\edb_make\dist\Setup\_internal\cv2\misc\__init__.py
   Compressing: C:\Projects\Class_project\edb_make\dist\Setup\_internal\cv2\typing\__init__.py
   Compressing: C:\Projects\Class_project\edb_make\dist\Setup\_internal\cv2\utils\__init__.py
   Compressing: C:\Projects\Class_project\edb_make\dist\Setup\_internal\numpy\fft\_pocketfft_umath.cp312-win_amd64.pyd
   Compressing: C:\Projects\Class_project\edb_make\dist\Setup\_internal\numpy\linalg\_umath_linalg.cp312-win_amd64.pyd
   Compressing: C:\Projects\Class_project\edb_make\dist\Setup\_internal\numpy\random\bit_generator.cp312-win_amd64.pyd
   Compressing: C:\Projects\Class_project\edb_make\dist\Setup\_internal\numpy\random\mtrand.cp312-win_amd64.pyd
   Compressing: C:\Projects\Class_project\edb_make\dist\Setup\_internal\numpy\random\_bounded_integers.cp312-win_amd64.pyd
   Compressing: C:\Projects\Class_project\edb_make\dist\Setup\_internal\numpy\random\_common.cp312-win_amd64.pyd
   Compressing: C:\Projects\Class_project\edb_make\dist\Setup\_internal\numpy\random\_generator.cp312-win_amd64.pyd
   Compressing: C:\Projects\Class_project\edb_make\dist\Setup\_internal\numpy\random\_mt19937.cp312-win_amd64.pyd
   Compressing: C:\Projects\Class_project\edb_make\dist\Setup\_internal\numpy\random\_pcg64.cp312-win_amd64.pyd
   Compressing: C:\Projects\Class_project\edb_make\dist\Setup\_internal\numpy\random\_philox.cp312-win_amd64.pyd
   Compressing: C:\Projects\Class_project\edb_make\dist\Setup\_internal\numpy\random\_sfc64.cp312-win_amd64.pyd
   Compressing: C:\Projects\Class_project\edb_make\dist\Setup\_internal\numpy\_core\_multiarray_tests.cp312-win_amd64.pyd
   Compressing: C:\Projects\Class_project\edb_make\dist\Setup\_internal\numpy\_core\_multiarray_umath.cp312-win_amd64.pyd
   Compressing: C:\Projects\Class_project\edb_make\dist\Setup\_internal\numpy-2.4.6.dist-info\DELVEWHEEL
   Compressing: C:\Projects\Class_project\edb_make\dist\Setup\_internal\numpy-2.4.6.dist-info\entry_points.txt
   Compressing: C:\Projects\Class_project\edb_make\dist\Setup\_internal\numpy-2.4.6.dist-info\INSTALLER
   Compressing: C:\Projects\Class_project\edb_make\dist\Setup\_internal\numpy-2.4.6.dist-info\METADATA
   Compressing: C:\Projects\Class_project\edb_make\dist\Setup\_internal\numpy-2.4.6.dist-info\RECORD
   Compressing: C:\Projects\Class_project\edb_make\dist\Setup\_internal\numpy-2.4.6.dist-info\REQUESTED
   Compressing: C:\Projects\Class_project\edb_make\dist\Setup\_internal\numpy-2.4.6.dist-info\WHEEL
   Compressing: C:\Projects\Class_project\edb_make\dist\Setup\_internal\numpy-2.4.6.dist-info\licenses\LICENSE.txt
   Compressing: C:\Projects\Class_project\edb_make\dist\Setup\_internal\numpy-2.4.6.dist-info\licenses\numpy\fft\pocketfft\LICENSE.md
   Compressing: C:\Projects\Class_project\edb_make\dist\Setup\_internal\numpy-2.4.6.dist-info\licenses\numpy\linalg\lapack_lite\LICENSE.txt
   Compressing: C:\Projects\Class_project\edb_make\dist\Setup\_internal\numpy-2.4.6.dist-info\licenses\numpy\ma\LICENSE
   Compressing: C:\Projects\Class_project\edb_make\dist\Setup\_internal\numpy-2.4.6.dist-info\licenses\numpy\random\LICENSE.md
   Compressing: C:\Projects\Class_project\edb_make\dist\Setup\_internal\numpy-2.4.6.dist-info\licenses\numpy\random\src\distributions\LICENSE.md
   Compressing: C:\Projects\Class_project\edb_make\dist\Setup\_internal\numpy-2.4.6.dist-info\licenses\numpy\random\src\mt19937\LICENSE.md
   Compressing: C:\Projects\Class_project\edb_make\dist\Setup\_internal\numpy-2.4.6.dist-info\licenses\numpy\random\src\pcg64\LICENSE.md
   Compressing: C:\Projects\Class_project\edb_make\dist\Setup\_internal\numpy-2.4.6.dist-info\licenses\numpy\random\src\philox\LICENSE.md
   Compressing: C:\Projects\Class_project\edb_make\dist\Setup\_internal\numpy-2.4.6.dist-info\licenses\numpy\random\src\sfc64\LICENSE.md
   Compressing: C:\Projects\Class_project\edb_make\dist\Setup\_internal\numpy-2.4.6.dist-info\licenses\numpy\random\src\splitmix64\LICENSE.md
   Compressing: C:\Projects\Class_project\edb_make\dist\Setup\_internal\numpy-2.4.6.dist-info\licenses\numpy\_core\include\numpy\libdivide\LICENSE.txt
   Compressing: C:\Projects\Class_project\edb_make\dist\Setup\_internal\numpy-2.4.6.dist-info\licenses\numpy\_core\src\common\pythoncapi-compat\COPYING
   Compressing: C:\Projects\Class_project\edb_make\dist\Setup\_internal\numpy-2.4.6.dist-info\licenses\numpy\_core\src\highway\LICENSE
   Compressing: C:\Projects\Class_project\edb_make\dist\Setup\_internal\numpy-2.4.6.dist-info\licenses\numpy\_core\src\multiarray\dragon4_LICENSE.txt
   Compressing: C:\Projects\Class_project\edb_make\dist\Setup\_internal\numpy-2.4.6.dist-info\licenses\numpy\_core\src\npysort\x86-simd-sort\LICENSE.md
   Compressing: C:\Projects\Class_project\edb_make\dist\Setup\_internal\numpy-2.4.6.dist-info\licenses\numpy\_core\src\umath\svml\LICENSE
   Compressing: C:\Projects\Class_project\edb_make\dist\Setup\_internal\numpy.libs\libscipy_openblas64_-63c857e738469261263c764a36be9436.dll
   Compressing: C:\Projects\Class_project\edb_make\dist\Setup\_internal\numpy.libs\msvcp140-a4c2229bdc2a2a630acdc095b4d86008.dll
   Compressing: C:\Projects\Class_project\edb_make\dist\Setup\_internal\PIL\_avif.cp312-win_amd64.pyd
   Compressing: C:\Projects\Class_project\edb_make\dist\Setup\_internal\PIL\_imaging.cp312-win_amd64.pyd
   Compressing: C:\Projects\Class_project\edb_make\dist\Setup\_internal\PIL\_imagingcms.cp312-win_amd64.pyd
   Compressing: C:\Projects\Class_project\edb_make\dist\Setup\_internal\PIL\_imagingft.cp312-win_amd64.pyd
   Compressing: C:\Projects\Class_project\edb_make\dist\Setup\_internal\PIL\_imagingmath.cp312-win_amd64.pyd
   Compressing: C:\Projects\Class_project\edb_make\dist\Setup\_internal\PIL\_imagingtk.cp312-win_amd64.pyd
   Compressing: C:\Projects\Class_project\edb_make\dist\Setup\_internal\PIL\_webp.cp312-win_amd64.pyd
   Compressing: C:\Projects\Class_project\edb_make\dist\Setup\_internal\pymupdf\mupdfcpp64.dll
   Compressing: C:\Projects\Class_project\edb_make\dist\Setup\_internal\pymupdf\_extra.pyd
   Compressing: C:\Projects\Class_project\edb_make\dist\Setup\_internal\pymupdf\_mupdf.pyd
   Compressing: C:\Projects\Class_project\edb_make\dist\Setup\_internal\release_metadata\.edb-release-metadata-output
   Compressing: C:\Projects\Class_project\edb_make\dist\Setup\_internal\release_metadata\dependency-inventory.json
   Compressing: C:\Projects\Class_project\edb_make\dist\Setup\_internal\release_metadata\metadata-manifest.json
   Compressing: C:\Projects\Class_project\edb_make\dist\Setup\_internal\release_metadata\release-provenance.json
   Compressing: C:\Projects\Class_project\edb_make\dist\Setup\_internal\release_metadata\sbom.spdx.json
   Compressing: C:\Projects\Class_project\edb_make\dist\Setup\_internal\release_metadata\THIRD_PARTY_NOTICES.md
   Compressing: C:\Projects\Class_project\edb_make\dist\Setup\_internal\release_metadata\license-files\altgraph\01-LICENSE
   Compressing: C:\Projects\Class_project\edb_make\dist\Setup\_internal\release_metadata\license-files\annotated-types\01-LICENSE
   Compressing: C:\Projects\Class_project\edb_make\dist\Setup\_internal\release_metadata\license-files\cffi\01-LICENSE
   Compressing: C:\Projects\Class_project\edb_make\dist\Setup\_internal\release_metadata\license-files\cryptography\01-LICENSE
   Compressing: C:\Projects\Class_project\edb_make\dist\Setup\_internal\release_metadata\license-files\cryptography\02-LICENSE.APACHE
   Compressing: C:\Projects\Class_project\edb_make\dist\Setup\_internal\release_metadata\license-files\cryptography\03-LICENSE.BSD
   Compressing: C:\Projects\Class_project\edb_make\dist\Setup\_internal\release_metadata\license-files\hwp-hwpx-parser\01-LICENSE
   Compressing: C:\Projects\Class_project\edb_make\dist\Setup\_internal\release_metadata\license-files\lxml\01-LICENSE.txt
   Compressing: C:\Projects\Class_project\edb_make\dist\Setup\_internal\release_metadata\license-files\numpy\01-LICENSE.txt
   Compressing: C:\Projects\Class_project\edb_make\dist\Setup\_internal\release_metadata\license-files\numpy\02-LICENSE.txt
   Compressing: C:\Projects\Class_project\edb_make\dist\Setup\_internal\release_metadata\license-files\numpy\03-COPYING
   Compressing: C:\Projects\Class_project\edb_make\dist\Setup\_internal\release_metadata\license-files\numpy\04-LICENSE
   Compressing: C:\Projects\Class_project\edb_make\dist\Setup\_internal\release_metadata\license-files\numpy\05-LICENSE.md
   Compressing: C:\Projects\Class_project\edb_make\dist\Setup\_internal\release_metadata\license-files\numpy\06-LICENSE
   Compressing: C:\Projects\Class_project\edb_make\dist\Setup\_internal\release_metadata\license-files\numpy\07-LICENSE.md
   Compressing: C:\Projects\Class_project\edb_make\dist\Setup\_internal\release_metadata\license-files\numpy\08-LICENSE.txt
   Compressing: C:\Projects\Class_project\edb_make\dist\Setup\_internal\release_metadata\license-files\numpy\09-LICENSE
   Compressing: C:\Projects\Class_project\edb_make\dist\Setup\_internal\release_metadata\license-files\numpy\10-LICENSE.md
   Compressing: C:\Projects\Class_project\edb_make\dist\Setup\_internal\release_metadata\license-files\numpy\11-LICENSE.md
   Compressing: C:\Projects\Class_project\edb_make\dist\Setup\_internal\release_metadata\license-files\numpy\12-LICENSE.md
   Compressing: C:\Projects\Class_project\edb_make\dist\Setup\_internal\release_metadata\license-files\numpy\13-LICENSE.md
   Compressing: C:\Projects\Class_project\edb_make\dist\Setup\_internal\release_metadata\license-files\numpy\14-LICENSE.md
   Compressing: C:\Projects\Class_project\edb_make\dist\Setup\_internal\release_metadata\license-files\numpy\15-LICENSE.md
   Compressing: C:\Projects\Class_project\edb_make\dist\Setup\_internal\release_metadata\license-files\numpy\16-LICENSE.md
   Compressing: C:\Projects\Class_project\edb_make\dist\Setup\_internal\release_metadata\license-files\numpy\17-LICENSE.txt
   Compressing: C:\Projects\Class_project\edb_make\dist\Setup\_internal\release_metadata\license-files\numpy\18-LICENSE
   Compressing: C:\Projects\Class_project\edb_make\dist\Setup\_internal\release_metadata\license-files\numpy\19-LICENSE.md
   Compressing: C:\Projects\Class_project\edb_make\dist\Setup\_internal\release_metadata\license-files\olefile\01-LICENSE.txt
   Compressing: C:\Projects\Class_project\edb_make\dist\Setup\_internal\release_metadata\license-files\olefile\02-License.html
   Compressing: C:\Projects\Class_project\edb_make\dist\Setup\_internal\release_metadata\license-files\olefile\03-License.md
   Compressing: C:\Projects\Class_project\edb_make\dist\Setup\_internal\release_metadata\license-files\olefile\04-LICENSE.txt
   Compressing: C:\Projects\Class_project\edb_make\dist\Setup\_internal\release_metadata\license-files\opencv-python-headless\01-LICENSE-3RD-PARTY.txt
   Compressing: C:\Projects\Class_project\edb_make\dist\Setup\_internal\release_metadata\license-files\opencv-python-headless\02-LICENSE.txt
   Compressing: C:\Projects\Class_project\edb_make\dist\Setup\_internal\release_metadata\license-files\opencv-python-headless\03-LICENSE-3RD-PARTY.txt
   Compressing: C:\Projects\Class_project\edb_make\dist\Setup\_internal\release_metadata\license-files\opencv-python-headless\04-LICENSE.txt
   Compressing: C:\Projects\Class_project\edb_make\dist\Setup\_internal\release_metadata\license-files\packaging\01-LICENSE
   Compressing: C:\Projects\Class_project\edb_make\dist\Setup\_internal\release_metadata\license-files\packaging\02-LICENSE.APACHE
   Compressing: C:\Projects\Class_project\edb_make\dist\Setup\_internal\release_metadata\license-files\packaging\03-LICENSE.BSD
   Compressing: C:\Projects\Class_project\edb_make\dist\Setup\_internal\release_metadata\license-files\pefile\01-LICENSE
   Compressing: C:\Projects\Class_project\edb_make\dist\Setup\_internal\release_metadata\license-files\pillow\01-LICENSE
   Compressing: C:\Projects\Class_project\edb_make\dist\Setup\_internal\release_metadata\license-files\pip\01-LICENSE.txt
   Compressing: C:\Projects\Class_project\edb_make\dist\Setup\_internal\release_metadata\license-files\pip\02-LICENSE.txt
   Compressing: C:\Projects\Class_project\edb_make\dist\Setup\_internal\release_metadata\license-files\pip\03-LICENSE
   Compressing: C:\Projects\Class_project\edb_make\dist\Setup\_internal\release_metadata\license-files\pip\04-LICENSE.txt
   Compressing: C:\Projects\Class_project\edb_make\dist\Setup\_internal\release_metadata\license-files\pip\05-LICENSE
   Compressing: C:\Projects\Class_project\edb_make\dist\Setup\_internal\release_metadata\license-files\pip\06-LICENSE.md
   Compressing: C:\Projects\Class_project\edb_make\dist\Setup\_internal\release_metadata\license-files\pip\07-COPYING
   Compressing: C:\Projects\Class_project\edb_make\dist\Setup\_internal\release_metadata\license-files\pip\08-LICENSE
   Compressing: C:\Projects\Class_project\edb_make\dist\Setup\_internal\release_metadata\license-files\pip\09-LICENSE.APACHE
   Compressing: C:\Projects\Class_project\edb_make\dist\Setup\_internal\release_metadata\license-files\pip\10-LICENSE.BSD
   Compressing: C:\Projects\Class_project\edb_make\dist\Setup\_internal\release_metadata\license-files\pip\11-LICENSE
   Compressing: C:\Projects\Class_project\edb_make\dist\Setup\_internal\release_metadata\license-files\pip\12-LICENSE
   Compressing: C:\Projects\Class_project\edb_make\dist\Setup\_internal\release_metadata\license-files\pip\13-LICENSE
   Compressing: C:\Projects\Class_project\edb_make\dist\Setup\_internal\release_metadata\license-files\pip\14-LICENSE
   Compressing: C:\Projects\Class_project\edb_make\dist\Setup\_internal\release_metadata\license-files\pip\15-LICENSE
   Compressing: C:\Projects\Class_project\edb_make\dist\Setup\_internal\release_metadata\license-files\pip\16-LICENSE
   Compressing: C:\Projects\Class_project\edb_make\dist\Setup\_internal\release_metadata\license-files\pip\17-LICENSE
   Compressing: C:\Projects\Class_project\edb_make\dist\Setup\_internal\release_metadata\license-files\pip\18-LICENSE
   Compressing: C:\Projects\Class_project\edb_make\dist\Setup\_internal\release_metadata\license-files\pip\19-LICENSE
   Compressing: C:\Projects\Class_project\edb_make\dist\Setup\_internal\release_metadata\license-files\pip\20-LICENSE
   Compressing: C:\Projects\Class_project\edb_make\dist\Setup\_internal\release_metadata\license-files\pip\21-LICENSE.txt
   Compressing: C:\Projects\Class_project\edb_make\dist\Setup\_internal\release_metadata\license-files\pip\22-LICENSE.txt
   Compressing: C:\Projects\Class_project\edb_make\dist\Setup\_internal\release_metadata\license-files\pip\23-LICENSE
   Compressing: C:\Projects\Class_project\edb_make\dist\Setup\_internal\release_metadata\license-files\pip\24-LICENSE.txt
   Compressing: C:\Projects\Class_project\edb_make\dist\Setup\_internal\release_metadata\license-files\pip\25-LICENSE
   Compressing: C:\Projects\Class_project\edb_make\dist\Setup\_internal\release_metadata\license-files\pip\26-LICENSE.md
   Compressing: C:\Projects\Class_project\edb_make\dist\Setup\_internal\release_metadata\license-files\pip\27-COPYING
   Compressing: C:\Projects\Class_project\edb_make\dist\Setup\_internal\release_metadata\license-files\pip\28-LICENSE
   Compressing: C:\Projects\Class_project\edb_make\dist\Setup\_internal\release_metadata\license-files\pip\29-LICENSE.APACHE
   Compressing: C:\Projects\Class_project\edb_make\dist\Setup\_internal\release_metadata\license-files\pip\30-LICENSE.BSD
   Compressing: C:\Projects\Class_project\edb_make\dist\Setup\_internal\release_metadata\license-files\pip\31-LICENSE
   Compressing: C:\Projects\Class_project\edb_make\dist\Setup\_internal\release_metadata\license-files\pip\32-LICENSE
   Compressing: C:\Projects\Class_project\edb_make\dist\Setup\_internal\release_metadata\license-files\pip\33-LICENSE
   Compressing: C:\Projects\Class_project\edb_make\dist\Setup\_internal\release_metadata\license-files\pip\34-LICENSE
   Compressing: C:\Projects\Class_project\edb_make\dist\Setup\_internal\release_metadata\license-files\pip\35-LICENSE
   Compressing: C:\Projects\Class_project\edb_make\dist\Setup\_internal\release_metadata\license-files\pip\36-LICENSE
   Compressing: C:\Projects\Class_project\edb_make\dist\Setup\_internal\release_metadata\license-files\pip\37-LICENSE
   Compressing: C:\Projects\Class_project\edb_make\dist\Setup\_internal\release_metadata\license-files\pip\38-LICENSE
   Compressing: C:\Projects\Class_project\edb_make\dist\Setup\_internal\release_metadata\license-files\pip\39-LICENSE
   Compressing: C:\Projects\Class_project\edb_make\dist\Setup\_internal\release_metadata\license-files\pip\40-LICENSE
   Compressing: C:\Projects\Class_project\edb_make\dist\Setup\_internal\release_metadata\license-files\pip\41-LICENSE.txt
   Compressing: C:\Projects\Class_project\edb_make\dist\Setup\_internal\release_metadata\license-files\pycparser\01-LICENSE
   Compressing: C:\Projects\Class_project\edb_make\dist\Setup\_internal\release_metadata\license-files\pydantic\01-LICENSE
   Compressing: C:\Projects\Class_project\edb_make\dist\Setup\_internal\release_metadata\license-files\pydantic-core\01-LICENSE
   Compressing: C:\Projects\Class_project\edb_make\dist\Setup\_internal\release_metadata\license-files\pyhwp\01-COPYING
   Compressing: C:\Projects\Class_project\edb_make\dist\Setup\_internal\release_metadata\license-files\pyhwp\02-COPYING
   Compressing: C:\Projects\Class_project\edb_make\dist\Setup\_internal\release_metadata\license-files\pyhwp\03-LICENSE
   Compressing: C:\Projects\Class_project\edb_make\dist\Setup\_internal\release_metadata\license-files\pyinstaller\01-COPYING.txt
   Compressing: C:\Projects\Class_project\edb_make\dist\Setup\_internal\release_metadata\license-files\pyinstaller-hooks-contrib\01-LICENSE
   Compressing: C:\Projects\Class_project\edb_make\dist\Setup\_internal\release_metadata\license-files\pymupdf\01-COPYING
   Compressing: C:\Projects\Class_project\edb_make\dist\Setup\_internal\release_metadata\license-files\python-docx\01-LICENSE
   Compressing: C:\Projects\Class_project\edb_make\dist\Setup\_internal\release_metadata\license-files\pywin32-ctypes\01-LICENSE.txt
   Compressing: C:\Projects\Class_project\edb_make\dist\Setup\_internal\release_metadata\license-files\rhwp-python\01-LICENSE
   Compressing: C:\Projects\Class_project\edb_make\dist\Setup\_internal\release_metadata\license-files\rhwp-python\02-LICENSE
   Compressing: C:\Projects\Class_project\edb_make\dist\Setup\_internal\release_metadata\license-files\setuptools\01-LICENSE
   Compressing: C:\Projects\Class_project\edb_make\dist\Setup\_internal\release_metadata\license-files\setuptools\02-LICENSE
   Compressing: C:\Projects\Class_project\edb_make\dist\Setup\_internal\release_metadata\license-files\setuptools\03-LICENSE
   Compressing: C:\Projects\Class_project\edb_make\dist\Setup\_internal\release_metadata\license-files\setuptools\04-LICENSE
   Compressing: C:\Projects\Class_project\edb_make\dist\Setup\_internal\release_metadata\license-files\setuptools\05-LICENSE
   Compressing: C:\Projects\Class_project\edb_make\dist\Setup\_internal\release_metadata\license-files\setuptools\06-LICENSE
   Compressing: C:\Projects\Class_project\edb_make\dist\Setup\_internal\release_metadata\license-files\setuptools\07-LICENSE
   Compressing: C:\Projects\Class_project\edb_make\dist\Setup\_internal\release_metadata\license-files\setuptools\08-LICENSE
   Compressing: C:\Projects\Class_project\edb_make\dist\Setup\_internal\release_metadata\license-files\setuptools\09-LICENSE
   Compressing: C:\Projects\Class_project\edb_make\dist\Setup\_internal\release_metadata\license-files\setuptools\10-LICENSE.APACHE
   Compressing: C:\Projects\Class_project\edb_make\dist\Setup\_internal\release_metadata\license-files\setuptools\11-LICENSE.BSD
   Compressing: C:\Projects\Class_project\edb_make\dist\Setup\_internal\release_metadata\license-files\setuptools\12-LICENSE
   Compressing: C:\Projects\Class_project\edb_make\dist\Setup\_internal\release_metadata\license-files\setuptools\13-LICENSE
   Compressing: C:\Projects\Class_project\edb_make\dist\Setup\_internal\release_metadata\license-files\setuptools\14-LICENSE.txt
   Compressing: C:\Projects\Class_project\edb_make\dist\Setup\_internal\release_metadata\license-files\setuptools\15-LICENSE
   Compressing: C:\Projects\Class_project\edb_make\dist\Setup\_internal\release_metadata\license-files\setuptools\16-NOTICE
   Compressing: C:\Projects\Class_project\edb_make\dist\Setup\_internal\release_metadata\license-files\setuptools\17-NOTICE
   Compressing: C:\Projects\Class_project\edb_make\dist\Setup\_internal\release_metadata\license-files\six\01-LICENSE
   Compressing: C:\Projects\Class_project\edb_make\dist\Setup\_internal\release_metadata\license-files\typing-extensions\01-LICENSE
   Compressing: C:\Projects\Class_project\edb_make\dist\Setup\_internal\release_metadata\license-files\typing-inspection\01-LICENSE
   Compressing: C:\Projects\Class_project\edb_make\dist\Setup\_internal\release_metadata\license-files\wheel\01-LICENSE.txt
   Compressing: C:\Projects\Class_project\edb_make\dist\Setup\_internal\scripts\render_hwp_with_rhwp_core.mjs
   Compressing: C:\Projects\Class_project\edb_make\dist\Setup\_internal\ui_prototype\app.bundle.js
   Compressing: C:\Projects\Class_project\edb_make\dist\Setup\_internal\ui_prototype\board.html
   Compressing: C:\Projects\Class_project\edb_make\dist\Setup\_internal\ui_prototype\favicon.png
   Compressing: C:\Projects\Class_project\edb_make\dist\Setup\_internal\ui_prototype\index.html
   Compressing: C:\Projects\Class_project\edb_make\dist\Setup\_internal\ui_prototype\publish_guard.js
   Compressing: C:\Projects\Class_project\edb_make\dist\Setup\_internal\ui_prototype\publish_summary.js
   Compressing: C:\Projects\Class_project\edb_make\dist\Setup\_internal\ui_prototype\reorder.js
   Compressing: C:\Projects\Class_project\edb_make\dist\Setup\_internal\ui_prototype\review_filters.js
   Compressing: C:\Projects\Class_project\edb_make\dist\Setup\_internal\ui_prototype\vendor\react-dom.production.min.js
   Compressing: C:\Projects\Class_project\edb_make\dist\Setup\_internal\ui_prototype\vendor\react.production.min.js
   Compressing Setup program executable
   Updating version info (Setup.exe)
   Updating manifest (Setup.exe)


Successful compile (58.593 sec). Resulting Setup program filename is:
C:\Projects\Class_project\edb_make\dist\Setup-Setup.exe
Windows installer: C:\Projects\Class_project\edb_make\dist\Setup-Setup.exe
Windows installer size: 61515500 bytes
Windows installer sha256: fb15c933f5f039fd6cb0ed64b49074bba0cf38cd0b6f9583da06b9488e45e07c
Installer complete.
Installer: C:\Projects\Class_project\edb_make\dist\Setup-Setup.exe
