2026-07-27 14:43:56.832   Log opened. (Time zone: UTC+09:00)
2026-07-27 14:43:56.833   Setup version: Inno Setup version 6.7.3
2026-07-27 14:43:56.833   Original Uninstall EXE: C:\Users\aaaha\AppData\Local\ClassInEDBMVP\installer-smoke\1.3.1-direct\unins000.exe
2026-07-27 14:43:56.833   Uninstall DAT: C:\Users\aaaha\AppData\Local\ClassInEDBMVP\installer-smoke\1.3.1-direct\unins000.dat
2026-07-27 14:43:56.833   Current Uninstall EXE: C:\Users\aaaha\AppData\Local\Temp\is-YN8J6Z2ABQ-uninstall.tmp\_unins.tmp
2026-07-27 14:43:56.833   Uninstall command line: /SECONDPHASE="C:\Users\aaaha\AppData\Local\ClassInEDBMVP\installer-smoke\1.3.1-direct\unins000.exe" /FIRSTPHASEWND=$510B8A /VERYSILENT /SUPPRESSMSGBOXES /NORESTART /LOG=C:\Projects\Class_project\edb_make\.audit\uninstaller-smoke-1.3.1-direct.log
2026-07-27 14:43:56.833   Windows version: 10.0.26200
2026-07-27 14:43:56.833   Windows architecture: x64 (64-bit)
2026-07-27 14:43:56.833   Machine types supported by system: x86 x64
2026-07-27 14:43:56.833   User privileges: None
2026-07-27 14:43:56.833   Administrative install mode: No
2026-07-27 14:43:56.833   Install mode root key: HKEY_CURRENT_USER
2026-07-27 14:43:56.833   RedirectionGuard status for current process: Enabled in enforcing mode
2026-07-27 14:43:56.833   Cleaning up any residual temporary files from previous Uninstall runs.
2026-07-27 14:43:56.834   Deleted file: C:\Users\aaaha\AppData\Local\Temp\is-EEETWWJGCI-uninstall.tmp\_unins.tmp
2026-07-27 14:43:56.834   Cleanup finished (2 directories found, 2 directories checked, 1 files deleted).
2026-07-27 14:43:56.835   Created temporary directory: C:\Users\aaaha\AppData\Local\Temp\is-8DNY6L63CK.tmp
2026-07-27 14:43:56.862   Starting the uninstallation process.
2026-07-27 14:43:56.863   Deleting registry key: HKEY_CURRENT_USER\Software\Microsoft\Windows\CurrentVersion\Uninstall\{8F3C4B60-7E9A-4B0F-A7F1-EDB0D1E7C001}_is1
2026-07-27 14:43:57.028   Deleting file: C:\Users\aaaha\AppData\Roaming\Microsoft\Windows\Start Menu\Programs\ClassIn EDB\ClassIn EDB.lnk
2026-07-27 14:43:57.031   Deleting directory: C:\Users\aaaha\AppData\Roaming\Microsoft\Windows\Start Menu\Programs\ClassIn EDB
2026-07-27 14:43:57.031   Deleting file: C:\Users\aaaha\AppData\Local\ClassInEDBMVP\installer-smoke\1.3.1-direct\_internal\ui_prototype\vendor\react.production.min.js
2026-07-27 14:43:57.031   Deleting file: C:\Users\aaaha\AppData\Local\ClassInEDBMVP\installer-smoke\1.3.1-direct\_internal\ui_prototype\vendor\react-dom.production.min.js
2026-07-27 14:43:57.031   Deleting directory: C:\Users\aaaha\AppData\Local\ClassInEDBMVP\installer-smoke\1.3.1-direct\_internal\ui_prototype\vendor
2026-07-27 14:43:57.032   Deleting file: C:\Users\aaaha\AppData\Local\ClassInEDBMVP\installer-smoke\1.3.1-direct\_internal\ui_prototype\review_filters.js
2026-07-27 14:43:57.032   Deleting file: C:\Users\aaaha\AppData\Local\ClassInEDBMVP\installer-smoke\1.3.1-direct\_internal\ui_prototype\reorder.js
2026-07-27 14:43:57.032   Deleting file: C:\Users\aaaha\AppData\Local\ClassInEDBMVP\installer-smoke\1.3.1-direct\_internal\ui_prototype\publish_summary.js
2026-07-27 14:43:57.032   Deleting file: C:\Users\aaaha\AppData\Local\ClassInEDBMVP\installer-smoke\1.3.1-direct\_internal\ui_prototype\publish_guard.js
2026-07-27 14:43:57.032   Deleting file: C:\Users\aaaha\AppData\Local\ClassInEDBMVP\installer-smoke\1.3.1-direct\_internal\ui_prototype\index.html
2026-07-27 14:43:57.032   Deleting file: C:\Users\aaaha\AppData\Local\ClassInEDBMVP\installer-smoke\1.3.1-direct\_internal\ui_prototype\favicon.png
2026-07-27 14:43:57.032   Deleting file: C:\Users\aaaha\AppData\Local\ClassInEDBMVP\installer-smoke\1.3.1-direct\_internal\ui_prototype\board.html
2026-07-27 14:43:57.032   Deleting file: C:\Users\aaaha\AppData\Local\ClassInEDBMVP\installer-smoke\1.3.1-direct\_internal\ui_prototype\app.bundle.js
2026-07-27 14:43:57.032   Deleting directory: C:\Users\aaaha\AppData\Local\ClassInEDBMVP\installer-smoke\1.3.1-direct\_internal\ui_prototype
2026-07-27 14:43:57.032   Deleting file: C:\Users\aaaha\AppData\Local\ClassInEDBMVP\installer-smoke\1.3.1-direct\_internal\scripts\render_hwp_with_rhwp_core.mjs
2026-07-27 14:43:57.032   Deleting directory: C:\Users\aaaha\AppData\Local\ClassInEDBMVP\installer-smoke\1.3.1-direct\_internal\scripts
2026-07-27 14:43:57.032   Deleting file: C:\Users\aaaha\AppData\Local\ClassInEDBMVP\installer-smoke\1.3.1-direct\_internal\release_metadata\license-files\wheel\01-LICENSE.txt
2026-07-27 14:43:57.034   Deleting directory: C:\Users\aaaha\AppData\Local\ClassInEDBMVP\installer-smoke\1.3.1-direct\_internal\release_metadata\license-files\wheel
2026-07-27 14:43:57.034   Deleting file: C:\Users\aaaha\AppData\Local\ClassInEDBMVP\installer-smoke\1.3.1-direct\_internal\release_metadata\license-files\typing-inspection\01-LICENSE
2026-07-27 14:43:57.034   Deleting directory: C:\Users\aaaha\AppData\Local\ClassInEDBMVP\installer-smoke\1.3.1-direct\_internal\release_metadata\license-files\typing-inspection
2026-07-27 14:43:57.034   Deleting file: C:\Users\aaaha\AppData\Local\ClassInEDBMVP\installer-smoke\1.3.1-direct\_internal\release_metadata\license-files\typing-extensions\01-LICENSE
2026-07-27 14:43:57.034   Deleting directory: C:\Users\aaaha\AppData\Local\ClassInEDBMVP\installer-smoke\1.3.1-direct\_internal\release_metadata\license-files\typing-extensions
2026-07-27 14:43:57.034   Deleting file: C:\Users\aaaha\AppData\Local\ClassInEDBMVP\installer-smoke\1.3.1-direct\_internal\release_metadata\license-files\six\01-LICENSE
2026-07-27 14:43:57.034   Deleting directory: C:\Users\aaaha\AppData\Local\ClassInEDBMVP\installer-smoke\1.3.1-direct\_internal\release_metadata\license-files\six
2026-07-27 14:43:57.034   Deleting file: C:\Users\aaaha\AppData\Local\ClassInEDBMVP\installer-smoke\1.3.1-direct\_internal\release_metadata\license-files\setuptools\17-NOTICE
2026-07-27 14:43:57.034   Deleting file: C:\Users\aaaha\AppData\Local\ClassInEDBMVP\installer-smoke\1.3.1-direct\_internal\release_metadata\license-files\setuptools\16-NOTICE
2026-07-27 14:43:57.034   Deleting file: C:\Users\aaaha\AppData\Local\ClassInEDBMVP\installer-smoke\1.3.1-direct\_internal\release_metadata\license-files\setuptools\15-LICENSE
2026-07-27 14:43:57.034   Deleting file: C:\Users\aaaha\AppData\Local\ClassInEDBMVP\installer-smoke\1.3.1-direct\_internal\release_metadata\license-files\setuptools\14-LICENSE.txt
2026-07-27 14:43:57.034   Deleting file: C:\Users\aaaha\AppData\Local\ClassInEDBMVP\installer-smoke\1.3.1-direct\_internal\release_metadata\license-files\setuptools\13-LICENSE
2026-07-27 14:43:57.034   Deleting file: C:\Users\aaaha\AppData\Local\ClassInEDBMVP\installer-smoke\1.3.1-direct\_internal\release_metadata\license-files\setuptools\12-LICENSE
2026-07-27 14:43:57.035   Deleting file: C:\Users\aaaha\AppData\Local\ClassInEDBMVP\installer-smoke\1.3.1-direct\_internal\release_metadata\license-files\setuptools\11-LICENSE.BSD
2026-07-27 14:43:57.035   Deleting file: C:\Users\aaaha\AppData\Local\ClassInEDBMVP\installer-smoke\1.3.1-direct\_internal\release_metadata\license-files\setuptools\10-LICENSE.APACHE
2026-07-27 14:43:57.035   Deleting file: C:\Users\aaaha\AppData\Local\ClassInEDBMVP\installer-smoke\1.3.1-direct\_internal\release_metadata\license-files\setuptools\09-LICENSE
2026-07-27 14:43:57.035   Deleting file: C:\Users\aaaha\AppData\Local\ClassInEDBMVP\installer-smoke\1.3.1-direct\_internal\release_metadata\license-files\setuptools\08-LICENSE
2026-07-27 14:43:57.035   Deleting file: C:\Users\aaaha\AppData\Local\ClassInEDBMVP\installer-smoke\1.3.1-direct\_internal\release_metadata\license-files\setuptools\07-LICENSE
2026-07-27 14:43:57.035   Deleting file: C:\Users\aaaha\AppData\Local\ClassInEDBMVP\installer-smoke\1.3.1-direct\_internal\release_metadata\license-files\setuptools\06-LICENSE
2026-07-27 14:43:57.035   Deleting file: C:\Users\aaaha\AppData\Local\ClassInEDBMVP\installer-smoke\1.3.1-direct\_internal\release_metadata\license-files\setuptools\05-LICENSE
2026-07-27 14:43:57.035   Deleting file: C:\Users\aaaha\AppData\Local\ClassInEDBMVP\installer-smoke\1.3.1-direct\_internal\release_metadata\license-files\setuptools\04-LICENSE
2026-07-27 14:43:57.035   Deleting file: C:\Users\aaaha\AppData\Local\ClassInEDBMVP\installer-smoke\1.3.1-direct\_internal\release_metadata\license-files\setuptools\03-LICENSE
2026-07-27 14:43:57.035   Deleting file: C:\Users\aaaha\AppData\Local\ClassInEDBMVP\installer-smoke\1.3.1-direct\_internal\release_metadata\license-files\setuptools\02-LICENSE
2026-07-27 14:43:57.035   Deleting file: C:\Users\aaaha\AppData\Local\ClassInEDBMVP\installer-smoke\1.3.1-direct\_internal\release_metadata\license-files\setuptools\01-LICENSE
2026-07-27 14:43:57.035   Deleting directory: C:\Users\aaaha\AppData\Local\ClassInEDBMVP\installer-smoke\1.3.1-direct\_internal\release_metadata\license-files\setuptools
2026-07-27 14:43:57.036   Deleting file: C:\Users\aaaha\AppData\Local\ClassInEDBMVP\installer-smoke\1.3.1-direct\_internal\release_metadata\license-files\rhwp-python\02-LICENSE
2026-07-27 14:43:57.036   Deleting file: C:\Users\aaaha\AppData\Local\ClassInEDBMVP\installer-smoke\1.3.1-direct\_internal\release_metadata\license-files\rhwp-python\01-LICENSE
2026-07-27 14:43:57.036   Deleting directory: C:\Users\aaaha\AppData\Local\ClassInEDBMVP\installer-smoke\1.3.1-direct\_internal\release_metadata\license-files\rhwp-python
2026-07-27 14:43:57.036   Deleting file: C:\Users\aaaha\AppData\Local\ClassInEDBMVP\installer-smoke\1.3.1-direct\_internal\release_metadata\license-files\pywin32-ctypes\01-LICENSE.txt
2026-07-27 14:43:57.036   Deleting directory: C:\Users\aaaha\AppData\Local\ClassInEDBMVP\installer-smoke\1.3.1-direct\_internal\release_metadata\license-files\pywin32-ctypes
2026-07-27 14:43:57.036   Deleting file: C:\Users\aaaha\AppData\Local\ClassInEDBMVP\installer-smoke\1.3.1-direct\_internal\release_metadata\license-files\python-docx\01-LICENSE
2026-07-27 14:43:57.036   Deleting directory: C:\Users\aaaha\AppData\Local\ClassInEDBMVP\installer-smoke\1.3.1-direct\_internal\release_metadata\license-files\python-docx
2026-07-27 14:43:57.036   Deleting file: C:\Users\aaaha\AppData\Local\ClassInEDBMVP\installer-smoke\1.3.1-direct\_internal\release_metadata\license-files\pymupdf\01-COPYING
2026-07-27 14:43:57.036   Deleting directory: C:\Users\aaaha\AppData\Local\ClassInEDBMVP\installer-smoke\1.3.1-direct\_internal\release_metadata\license-files\pymupdf
2026-07-27 14:43:57.037   Deleting file: C:\Users\aaaha\AppData\Local\ClassInEDBMVP\installer-smoke\1.3.1-direct\_internal\release_metadata\license-files\pyinstaller-hooks-contrib\01-LICENSE
2026-07-27 14:43:57.037   Deleting directory: C:\Users\aaaha\AppData\Local\ClassInEDBMVP\installer-smoke\1.3.1-direct\_internal\release_metadata\license-files\pyinstaller-hooks-contrib
2026-07-27 14:43:57.037   Deleting file: C:\Users\aaaha\AppData\Local\ClassInEDBMVP\installer-smoke\1.3.1-direct\_internal\release_metadata\license-files\pyinstaller\01-COPYING.txt
2026-07-27 14:43:57.037   Deleting directory: C:\Users\aaaha\AppData\Local\ClassInEDBMVP\installer-smoke\1.3.1-direct\_internal\release_metadata\license-files\pyinstaller
2026-07-27 14:43:57.037   Deleting file: C:\Users\aaaha\AppData\Local\ClassInEDBMVP\installer-smoke\1.3.1-direct\_internal\release_metadata\license-files\pyhwp\03-LICENSE
2026-07-27 14:43:57.037   Deleting file: C:\Users\aaaha\AppData\Local\ClassInEDBMVP\installer-smoke\1.3.1-direct\_internal\release_metadata\license-files\pyhwp\02-COPYING
2026-07-27 14:43:57.037   Deleting file: C:\Users\aaaha\AppData\Local\ClassInEDBMVP\installer-smoke\1.3.1-direct\_internal\release_metadata\license-files\pyhwp\01-COPYING
2026-07-27 14:43:57.037   Deleting directory: C:\Users\aaaha\AppData\Local\ClassInEDBMVP\installer-smoke\1.3.1-direct\_internal\release_metadata\license-files\pyhwp
2026-07-27 14:43:57.037   Deleting file: C:\Users\aaaha\AppData\Local\ClassInEDBMVP\installer-smoke\1.3.1-direct\_internal\release_metadata\license-files\pydantic-core\01-LICENSE
2026-07-27 14:43:57.037   Deleting directory: C:\Users\aaaha\AppData\Local\ClassInEDBMVP\installer-smoke\1.3.1-direct\_internal\release_metadata\license-files\pydantic-core
2026-07-27 14:43:57.038   Deleting file: C:\Users\aaaha\AppData\Local\ClassInEDBMVP\installer-smoke\1.3.1-direct\_internal\release_metadata\license-files\pydantic\01-LICENSE
2026-07-27 14:43:57.038   Deleting directory: C:\Users\aaaha\AppData\Local\ClassInEDBMVP\installer-smoke\1.3.1-direct\_internal\release_metadata\license-files\pydantic
2026-07-27 14:43:57.038   Deleting file: C:\Users\aaaha\AppData\Local\ClassInEDBMVP\installer-smoke\1.3.1-direct\_internal\release_metadata\license-files\pycparser\01-LICENSE
2026-07-27 14:43:57.038   Deleting directory: C:\Users\aaaha\AppData\Local\ClassInEDBMVP\installer-smoke\1.3.1-direct\_internal\release_metadata\license-files\pycparser
2026-07-27 14:43:57.038   Deleting file: C:\Users\aaaha\AppData\Local\ClassInEDBMVP\installer-smoke\1.3.1-direct\_internal\release_metadata\license-files\pip\41-LICENSE.txt
2026-07-27 14:43:57.038   Deleting file: C:\Users\aaaha\AppData\Local\ClassInEDBMVP\installer-smoke\1.3.1-direct\_internal\release_metadata\license-files\pip\40-LICENSE
2026-07-27 14:43:57.038   Deleting file: C:\Users\aaaha\AppData\Local\ClassInEDBMVP\installer-smoke\1.3.1-direct\_internal\release_metadata\license-files\pip\39-LICENSE
2026-07-27 14:43:57.038   Deleting file: C:\Users\aaaha\AppData\Local\ClassInEDBMVP\installer-smoke\1.3.1-direct\_internal\release_metadata\license-files\pip\38-LICENSE
2026-07-27 14:43:57.038   Deleting file: C:\Users\aaaha\AppData\Local\ClassInEDBMVP\installer-smoke\1.3.1-direct\_internal\release_metadata\license-files\pip\37-LICENSE
2026-07-27 14:43:57.039   Deleting file: C:\Users\aaaha\AppData\Local\ClassInEDBMVP\installer-smoke\1.3.1-direct\_internal\release_metadata\license-files\pip\36-LICENSE
2026-07-27 14:43:57.039   Deleting file: C:\Users\aaaha\AppData\Local\ClassInEDBMVP\installer-smoke\1.3.1-direct\_internal\release_metadata\license-files\pip\35-LICENSE
2026-07-27 14:43:57.039   Deleting file: C:\Users\aaaha\AppData\Local\ClassInEDBMVP\installer-smoke\1.3.1-direct\_internal\release_metadata\license-files\pip\34-LICENSE
2026-07-27 14:43:57.039   Deleting file: C:\Users\aaaha\AppData\Local\ClassInEDBMVP\installer-smoke\1.3.1-direct\_internal\release_metadata\license-files\pip\33-LICENSE
2026-07-27 14:43:57.039   Deleting file: C:\Users\aaaha\AppData\Local\ClassInEDBMVP\installer-smoke\1.3.1-direct\_internal\release_metadata\license-files\pip\32-LICENSE
2026-07-27 14:43:57.039   Deleting file: C:\Users\aaaha\AppData\Local\ClassInEDBMVP\installer-smoke\1.3.1-direct\_internal\release_metadata\license-files\pip\31-LICENSE
2026-07-27 14:43:57.039   Deleting file: C:\Users\aaaha\AppData\Local\ClassInEDBMVP\installer-smoke\1.3.1-direct\_internal\release_metadata\license-files\pip\30-LICENSE.BSD
2026-07-27 14:43:57.039   Deleting file: C:\Users\aaaha\AppData\Local\ClassInEDBMVP\installer-smoke\1.3.1-direct\_internal\release_metadata\license-files\pip\29-LICENSE.APACHE
2026-07-27 14:43:57.039   Deleting file: C:\Users\aaaha\AppData\Local\ClassInEDBMVP\installer-smoke\1.3.1-direct\_internal\release_metadata\license-files\pip\28-LICENSE
2026-07-27 14:43:57.039   Deleting file: C:\Users\aaaha\AppData\Local\ClassInEDBMVP\installer-smoke\1.3.1-direct\_internal\release_metadata\license-files\pip\27-COPYING
2026-07-27 14:43:57.040   Deleting file: C:\Users\aaaha\AppData\Local\ClassInEDBMVP\installer-smoke\1.3.1-direct\_internal\release_metadata\license-files\pip\26-LICENSE.md
2026-07-27 14:43:57.040   Deleting file: C:\Users\aaaha\AppData\Local\ClassInEDBMVP\installer-smoke\1.3.1-direct\_internal\release_metadata\license-files\pip\25-LICENSE
2026-07-27 14:43:57.040   Deleting file: C:\Users\aaaha\AppData\Local\ClassInEDBMVP\installer-smoke\1.3.1-direct\_internal\release_metadata\license-files\pip\24-LICENSE.txt
2026-07-27 14:43:57.040   Deleting file: C:\Users\aaaha\AppData\Local\ClassInEDBMVP\installer-smoke\1.3.1-direct\_internal\release_metadata\license-files\pip\23-LICENSE
2026-07-27 14:43:57.041   Deleting file: C:\Users\aaaha\AppData\Local\ClassInEDBMVP\installer-smoke\1.3.1-direct\_internal\release_metadata\license-files\pip\22-LICENSE.txt
2026-07-27 14:43:57.041   Deleting file: C:\Users\aaaha\AppData\Local\ClassInEDBMVP\installer-smoke\1.3.1-direct\_internal\release_metadata\license-files\pip\21-LICENSE.txt
2026-07-27 14:43:57.041   Deleting file: C:\Users\aaaha\AppData\Local\ClassInEDBMVP\installer-smoke\1.3.1-direct\_internal\release_metadata\license-files\pip\20-LICENSE
2026-07-27 14:43:57.041   Deleting file: C:\Users\aaaha\AppData\Local\ClassInEDBMVP\installer-smoke\1.3.1-direct\_internal\release_metadata\license-files\pip\19-LICENSE
2026-07-27 14:43:57.041   Deleting file: C:\Users\aaaha\AppData\Local\ClassInEDBMVP\installer-smoke\1.3.1-direct\_internal\release_metadata\license-files\pip\18-LICENSE
2026-07-27 14:43:57.041   Deleting file: C:\Users\aaaha\AppData\Local\ClassInEDBMVP\installer-smoke\1.3.1-direct\_internal\release_metadata\license-files\pip\17-LICENSE
2026-07-27 14:43:57.041   Deleting file: C:\Users\aaaha\AppData\Local\ClassInEDBMVP\installer-smoke\1.3.1-direct\_internal\release_metadata\license-files\pip\16-LICENSE
2026-07-27 14:43:57.041   Deleting file: C:\Users\aaaha\AppData\Local\ClassInEDBMVP\installer-smoke\1.3.1-direct\_internal\release_metadata\license-files\pip\15-LICENSE
2026-07-27 14:43:57.042   Deleting file: C:\Users\aaaha\AppData\Local\ClassInEDBMVP\installer-smoke\1.3.1-direct\_internal\release_metadata\license-files\pip\14-LICENSE
2026-07-27 14:43:57.042   Deleting file: C:\Users\aaaha\AppData\Local\ClassInEDBMVP\installer-smoke\1.3.1-direct\_internal\release_metadata\license-files\pip\13-LICENSE
2026-07-27 14:43:57.042   Deleting file: C:\Users\aaaha\AppData\Local\ClassInEDBMVP\installer-smoke\1.3.1-direct\_internal\release_metadata\license-files\pip\12-LICENSE
2026-07-27 14:43:57.042   Deleting file: C:\Users\aaaha\AppData\Local\ClassInEDBMVP\installer-smoke\1.3.1-direct\_internal\release_metadata\license-files\pip\11-LICENSE
2026-07-27 14:43:57.042   Deleting file: C:\Users\aaaha\AppData\Local\ClassInEDBMVP\installer-smoke\1.3.1-direct\_internal\release_metadata\license-files\pip\10-LICENSE.BSD
2026-07-27 14:43:57.042   Deleting file: C:\Users\aaaha\AppData\Local\ClassInEDBMVP\installer-smoke\1.3.1-direct\_internal\release_metadata\license-files\pip\09-LICENSE.APACHE
2026-07-27 14:43:57.042   Deleting file: C:\Users\aaaha\AppData\Local\ClassInEDBMVP\installer-smoke\1.3.1-direct\_internal\release_metadata\license-files\pip\08-LICENSE
2026-07-27 14:43:57.042   Deleting file: C:\Users\aaaha\AppData\Local\ClassInEDBMVP\installer-smoke\1.3.1-direct\_internal\release_metadata\license-files\pip\07-COPYING
2026-07-27 14:43:57.043   Deleting file: C:\Users\aaaha\AppData\Local\ClassInEDBMVP\installer-smoke\1.3.1-direct\_internal\release_metadata\license-files\pip\06-LICENSE.md
2026-07-27 14:43:57.043   Deleting file: C:\Users\aaaha\AppData\Local\ClassInEDBMVP\installer-smoke\1.3.1-direct\_internal\release_metadata\license-files\pip\05-LICENSE
2026-07-27 14:43:57.043   Deleting file: C:\Users\aaaha\AppData\Local\ClassInEDBMVP\installer-smoke\1.3.1-direct\_internal\release_metadata\license-files\pip\04-LICENSE.txt
2026-07-27 14:43:57.043   Deleting file: C:\Users\aaaha\AppData\Local\ClassInEDBMVP\installer-smoke\1.3.1-direct\_internal\release_metadata\license-files\pip\03-LICENSE
2026-07-27 14:43:57.043   Deleting file: C:\Users\aaaha\AppData\Local\ClassInEDBMVP\installer-smoke\1.3.1-direct\_internal\release_metadata\license-files\pip\02-LICENSE.txt
2026-07-27 14:43:57.043   Deleting file: C:\Users\aaaha\AppData\Local\ClassInEDBMVP\installer-smoke\1.3.1-direct\_internal\release_metadata\license-files\pip\01-LICENSE.txt
2026-07-27 14:43:57.043   Deleting directory: C:\Users\aaaha\AppData\Local\ClassInEDBMVP\installer-smoke\1.3.1-direct\_internal\release_metadata\license-files\pip
2026-07-27 14:43:57.043   Deleting file: C:\Users\aaaha\AppData\Local\ClassInEDBMVP\installer-smoke\1.3.1-direct\_internal\release_metadata\license-files\pillow\01-LICENSE
2026-07-27 14:43:57.043   Deleting directory: C:\Users\aaaha\AppData\Local\ClassInEDBMVP\installer-smoke\1.3.1-direct\_internal\release_metadata\license-files\pillow
2026-07-27 14:43:57.044   Deleting file: C:\Users\aaaha\AppData\Local\ClassInEDBMVP\installer-smoke\1.3.1-direct\_internal\release_metadata\license-files\pefile\01-LICENSE
2026-07-27 14:43:57.044   Deleting directory: C:\Users\aaaha\AppData\Local\ClassInEDBMVP\installer-smoke\1.3.1-direct\_internal\release_metadata\license-files\pefile
2026-07-27 14:43:57.044   Deleting file: C:\Users\aaaha\AppData\Local\ClassInEDBMVP\installer-smoke\1.3.1-direct\_internal\release_metadata\license-files\packaging\03-LICENSE.BSD
2026-07-27 14:43:57.044   Deleting file: C:\Users\aaaha\AppData\Local\ClassInEDBMVP\installer-smoke\1.3.1-direct\_internal\release_metadata\license-files\packaging\02-LICENSE.APACHE
2026-07-27 14:43:57.044   Deleting file: C:\Users\aaaha\AppData\Local\ClassInEDBMVP\installer-smoke\1.3.1-direct\_internal\release_metadata\license-files\packaging\01-LICENSE
2026-07-27 14:43:57.044   Deleting directory: C:\Users\aaaha\AppData\Local\ClassInEDBMVP\installer-smoke\1.3.1-direct\_internal\release_metadata\license-files\packaging
2026-07-27 14:43:57.044   Deleting file: C:\Users\aaaha\AppData\Local\ClassInEDBMVP\installer-smoke\1.3.1-direct\_internal\release_metadata\license-files\opencv-python-headless\04-LICENSE.txt
2026-07-27 14:43:57.044   Deleting file: C:\Users\aaaha\AppData\Local\ClassInEDBMVP\installer-smoke\1.3.1-direct\_internal\release_metadata\license-files\opencv-python-headless\03-LICENSE-3RD-PARTY.txt
2026-07-27 14:43:57.045   Deleting file: C:\Users\aaaha\AppData\Local\ClassInEDBMVP\installer-smoke\1.3.1-direct\_internal\release_metadata\license-files\opencv-python-headless\02-LICENSE.txt
2026-07-27 14:43:57.045   Deleting file: C:\Users\aaaha\AppData\Local\ClassInEDBMVP\installer-smoke\1.3.1-direct\_internal\release_metadata\license-files\opencv-python-headless\01-LICENSE-3RD-PARTY.txt
2026-07-27 14:43:57.045   Deleting directory: C:\Users\aaaha\AppData\Local\ClassInEDBMVP\installer-smoke\1.3.1-direct\_internal\release_metadata\license-files\opencv-python-headless
2026-07-27 14:43:57.045   Deleting file: C:\Users\aaaha\AppData\Local\ClassInEDBMVP\installer-smoke\1.3.1-direct\_internal\release_metadata\license-files\olefile\04-LICENSE.txt
2026-07-27 14:43:57.045   Deleting file: C:\Users\aaaha\AppData\Local\ClassInEDBMVP\installer-smoke\1.3.1-direct\_internal\release_metadata\license-files\olefile\03-License.md
2026-07-27 14:43:57.046   Deleting file: C:\Users\aaaha\AppData\Local\ClassInEDBMVP\installer-smoke\1.3.1-direct\_internal\release_metadata\license-files\olefile\02-License.html
2026-07-27 14:43:57.046   Deleting file: C:\Users\aaaha\AppData\Local\ClassInEDBMVP\installer-smoke\1.3.1-direct\_internal\release_metadata\license-files\olefile\01-LICENSE.txt
2026-07-27 14:43:57.046   Deleting directory: C:\Users\aaaha\AppData\Local\ClassInEDBMVP\installer-smoke\1.3.1-direct\_internal\release_metadata\license-files\olefile
2026-07-27 14:43:57.046   Deleting file: C:\Users\aaaha\AppData\Local\ClassInEDBMVP\installer-smoke\1.3.1-direct\_internal\release_metadata\license-files\numpy\19-LICENSE.md
2026-07-27 14:43:57.046   Deleting file: C:\Users\aaaha\AppData\Local\ClassInEDBMVP\installer-smoke\1.3.1-direct\_internal\release_metadata\license-files\numpy\18-LICENSE
2026-07-27 14:43:57.046   Deleting file: C:\Users\aaaha\AppData\Local\ClassInEDBMVP\installer-smoke\1.3.1-direct\_internal\release_metadata\license-files\numpy\17-LICENSE.txt
2026-07-27 14:43:57.046   Deleting file: C:\Users\aaaha\AppData\Local\ClassInEDBMVP\installer-smoke\1.3.1-direct\_internal\release_metadata\license-files\numpy\16-LICENSE.md
2026-07-27 14:43:57.046   Deleting file: C:\Users\aaaha\AppData\Local\ClassInEDBMVP\installer-smoke\1.3.1-direct\_internal\release_metadata\license-files\numpy\15-LICENSE.md
2026-07-27 14:43:57.046   Deleting file: C:\Users\aaaha\AppData\Local\ClassInEDBMVP\installer-smoke\1.3.1-direct\_internal\release_metadata\license-files\numpy\14-LICENSE.md
2026-07-27 14:43:57.046   Deleting file: C:\Users\aaaha\AppData\Local\ClassInEDBMVP\installer-smoke\1.3.1-direct\_internal\release_metadata\license-files\numpy\13-LICENSE.md
2026-07-27 14:43:57.046   Deleting file: C:\Users\aaaha\AppData\Local\ClassInEDBMVP\installer-smoke\1.3.1-direct\_internal\release_metadata\license-files\numpy\12-LICENSE.md
2026-07-27 14:43:57.046   Deleting file: C:\Users\aaaha\AppData\Local\ClassInEDBMVP\installer-smoke\1.3.1-direct\_internal\release_metadata\license-files\numpy\11-LICENSE.md
2026-07-27 14:43:57.046   Deleting file: C:\Users\aaaha\AppData\Local\ClassInEDBMVP\installer-smoke\1.3.1-direct\_internal\release_metadata\license-files\numpy\10-LICENSE.md
2026-07-27 14:43:57.047   Deleting file: C:\Users\aaaha\AppData\Local\ClassInEDBMVP\installer-smoke\1.3.1-direct\_internal\release_metadata\license-files\numpy\09-LICENSE
2026-07-27 14:43:57.047   Deleting file: C:\Users\aaaha\AppData\Local\ClassInEDBMVP\installer-smoke\1.3.1-direct\_internal\release_metadata\license-files\numpy\08-LICENSE.txt
2026-07-27 14:43:57.047   Deleting file: C:\Users\aaaha\AppData\Local\ClassInEDBMVP\installer-smoke\1.3.1-direct\_internal\release_metadata\license-files\numpy\07-LICENSE.md
2026-07-27 14:43:57.047   Deleting file: C:\Users\aaaha\AppData\Local\ClassInEDBMVP\installer-smoke\1.3.1-direct\_internal\release_metadata\license-files\numpy\06-LICENSE
2026-07-27 14:43:57.048   Deleting file: C:\Users\aaaha\AppData\Local\ClassInEDBMVP\installer-smoke\1.3.1-direct\_internal\release_metadata\license-files\numpy\05-LICENSE.md
2026-07-27 14:43:57.048   Deleting file: C:\Users\aaaha\AppData\Local\ClassInEDBMVP\installer-smoke\1.3.1-direct\_internal\release_metadata\license-files\numpy\04-LICENSE
2026-07-27 14:43:57.048   Deleting file: C:\Users\aaaha\AppData\Local\ClassInEDBMVP\installer-smoke\1.3.1-direct\_internal\release_metadata\license-files\numpy\03-COPYING
2026-07-27 14:43:57.048   Deleting file: C:\Users\aaaha\AppData\Local\ClassInEDBMVP\installer-smoke\1.3.1-direct\_internal\release_metadata\license-files\numpy\02-LICENSE.txt
2026-07-27 14:43:57.048   Deleting file: C:\Users\aaaha\AppData\Local\ClassInEDBMVP\installer-smoke\1.3.1-direct\_internal\release_metadata\license-files\numpy\01-LICENSE.txt
2026-07-27 14:43:57.049   Deleting directory: C:\Users\aaaha\AppData\Local\ClassInEDBMVP\installer-smoke\1.3.1-direct\_internal\release_metadata\license-files\numpy
2026-07-27 14:43:57.049   Deleting file: C:\Users\aaaha\AppData\Local\ClassInEDBMVP\installer-smoke\1.3.1-direct\_internal\release_metadata\license-files\lxml\01-LICENSE.txt
2026-07-27 14:43:57.049   Deleting directory: C:\Users\aaaha\AppData\Local\ClassInEDBMVP\installer-smoke\1.3.1-direct\_internal\release_metadata\license-files\lxml
2026-07-27 14:43:57.049   Deleting file: C:\Users\aaaha\AppData\Local\ClassInEDBMVP\installer-smoke\1.3.1-direct\_internal\release_metadata\license-files\hwp-hwpx-parser\01-LICENSE
2026-07-27 14:43:57.049   Deleting directory: C:\Users\aaaha\AppData\Local\ClassInEDBMVP\installer-smoke\1.3.1-direct\_internal\release_metadata\license-files\hwp-hwpx-parser
2026-07-27 14:43:57.049   Deleting file: C:\Users\aaaha\AppData\Local\ClassInEDBMVP\installer-smoke\1.3.1-direct\_internal\release_metadata\license-files\cryptography\03-LICENSE.BSD
2026-07-27 14:43:57.049   Deleting file: C:\Users\aaaha\AppData\Local\ClassInEDBMVP\installer-smoke\1.3.1-direct\_internal\release_metadata\license-files\cryptography\02-LICENSE.APACHE
2026-07-27 14:43:57.049   Deleting file: C:\Users\aaaha\AppData\Local\ClassInEDBMVP\installer-smoke\1.3.1-direct\_internal\release_metadata\license-files\cryptography\01-LICENSE
2026-07-27 14:43:57.050   Deleting directory: C:\Users\aaaha\AppData\Local\ClassInEDBMVP\installer-smoke\1.3.1-direct\_internal\release_metadata\license-files\cryptography
2026-07-27 14:43:57.050   Deleting file: C:\Users\aaaha\AppData\Local\ClassInEDBMVP\installer-smoke\1.3.1-direct\_internal\release_metadata\license-files\cffi\01-LICENSE
2026-07-27 14:43:57.050   Deleting directory: C:\Users\aaaha\AppData\Local\ClassInEDBMVP\installer-smoke\1.3.1-direct\_internal\release_metadata\license-files\cffi
2026-07-27 14:43:57.050   Deleting file: C:\Users\aaaha\AppData\Local\ClassInEDBMVP\installer-smoke\1.3.1-direct\_internal\release_metadata\license-files\annotated-types\01-LICENSE
2026-07-27 14:43:57.050   Deleting directory: C:\Users\aaaha\AppData\Local\ClassInEDBMVP\installer-smoke\1.3.1-direct\_internal\release_metadata\license-files\annotated-types
2026-07-27 14:43:57.050   Deleting file: C:\Users\aaaha\AppData\Local\ClassInEDBMVP\installer-smoke\1.3.1-direct\_internal\release_metadata\license-files\altgraph\01-LICENSE
2026-07-27 14:43:57.050   Deleting directory: C:\Users\aaaha\AppData\Local\ClassInEDBMVP\installer-smoke\1.3.1-direct\_internal\release_metadata\license-files\altgraph
2026-07-27 14:43:57.050   Deleting directory: C:\Users\aaaha\AppData\Local\ClassInEDBMVP\installer-smoke\1.3.1-direct\_internal\release_metadata\license-files
2026-07-27 14:43:57.050   Deleting file: C:\Users\aaaha\AppData\Local\ClassInEDBMVP\installer-smoke\1.3.1-direct\_internal\release_metadata\THIRD_PARTY_NOTICES.md
2026-07-27 14:43:57.050   Deleting file: C:\Users\aaaha\AppData\Local\ClassInEDBMVP\installer-smoke\1.3.1-direct\_internal\release_metadata\sbom.spdx.json
2026-07-27 14:43:57.051   Deleting file: C:\Users\aaaha\AppData\Local\ClassInEDBMVP\installer-smoke\1.3.1-direct\_internal\release_metadata\release-provenance.json
2026-07-27 14:43:57.051   Deleting file: C:\Users\aaaha\AppData\Local\ClassInEDBMVP\installer-smoke\1.3.1-direct\_internal\release_metadata\metadata-manifest.json
2026-07-27 14:43:57.051   Deleting file: C:\Users\aaaha\AppData\Local\ClassInEDBMVP\installer-smoke\1.3.1-direct\_internal\release_metadata\dependency-inventory.json
2026-07-27 14:43:57.051   Deleting file: C:\Users\aaaha\AppData\Local\ClassInEDBMVP\installer-smoke\1.3.1-direct\_internal\release_metadata\.edb-release-metadata-output
2026-07-27 14:43:57.051   Deleting directory: C:\Users\aaaha\AppData\Local\ClassInEDBMVP\installer-smoke\1.3.1-direct\_internal\release_metadata
2026-07-27 14:43:57.051   Deleting file: C:\Users\aaaha\AppData\Local\ClassInEDBMVP\installer-smoke\1.3.1-direct\_internal\pymupdf\_mupdf.pyd
2026-07-27 14:43:57.053   Deleting file: C:\Users\aaaha\AppData\Local\ClassInEDBMVP\installer-smoke\1.3.1-direct\_internal\pymupdf\_extra.pyd
2026-07-27 14:43:57.053   Deleting file: C:\Users\aaaha\AppData\Local\ClassInEDBMVP\installer-smoke\1.3.1-direct\_internal\pymupdf\mupdfcpp64.dll
2026-07-27 14:43:57.056   Deleting directory: C:\Users\aaaha\AppData\Local\ClassInEDBMVP\installer-smoke\1.3.1-direct\_internal\pymupdf
2026-07-27 14:43:57.056   Deleting file: C:\Users\aaaha\AppData\Local\ClassInEDBMVP\installer-smoke\1.3.1-direct\_internal\PIL\_webp.cp312-win_amd64.pyd
2026-07-27 14:43:57.056   Deleting file: C:\Users\aaaha\AppData\Local\ClassInEDBMVP\installer-smoke\1.3.1-direct\_internal\PIL\_imagingtk.cp312-win_amd64.pyd
2026-07-27 14:43:57.057   Deleting file: C:\Users\aaaha\AppData\Local\ClassInEDBMVP\installer-smoke\1.3.1-direct\_internal\PIL\_imagingmath.cp312-win_amd64.pyd
2026-07-27 14:43:57.057   Deleting file: C:\Users\aaaha\AppData\Local\ClassInEDBMVP\installer-smoke\1.3.1-direct\_internal\PIL\_imagingft.cp312-win_amd64.pyd
2026-07-27 14:43:57.057   Deleting file: C:\Users\aaaha\AppData\Local\ClassInEDBMVP\installer-smoke\1.3.1-direct\_internal\PIL\_imagingcms.cp312-win_amd64.pyd
2026-07-27 14:43:57.057   Deleting file: C:\Users\aaaha\AppData\Local\ClassInEDBMVP\installer-smoke\1.3.1-direct\_internal\PIL\_imaging.cp312-win_amd64.pyd
2026-07-27 14:43:57.058   Deleting file: C:\Users\aaaha\AppData\Local\ClassInEDBMVP\installer-smoke\1.3.1-direct\_internal\PIL\_avif.cp312-win_amd64.pyd
2026-07-27 14:43:57.059   Deleting directory: C:\Users\aaaha\AppData\Local\ClassInEDBMVP\installer-smoke\1.3.1-direct\_internal\PIL
2026-07-27 14:43:57.059   Deleting file: C:\Users\aaaha\AppData\Local\ClassInEDBMVP\installer-smoke\1.3.1-direct\_internal\numpy.libs\msvcp140-a4c2229bdc2a2a630acdc095b4d86008.dll
2026-07-27 14:43:57.059   Deleting file: C:\Users\aaaha\AppData\Local\ClassInEDBMVP\installer-smoke\1.3.1-direct\_internal\numpy.libs\libscipy_openblas64_-63c857e738469261263c764a36be9436.dll
2026-07-27 14:43:57.061   Deleting directory: C:\Users\aaaha\AppData\Local\ClassInEDBMVP\installer-smoke\1.3.1-direct\_internal\numpy.libs
2026-07-27 14:43:57.061   Deleting file: C:\Users\aaaha\AppData\Local\ClassInEDBMVP\installer-smoke\1.3.1-direct\_internal\numpy-2.4.6.dist-info\licenses\numpy\_core\src\umath\svml\LICENSE
2026-07-27 14:43:57.061   Deleting directory: C:\Users\aaaha\AppData\Local\ClassInEDBMVP\installer-smoke\1.3.1-direct\_internal\numpy-2.4.6.dist-info\licenses\numpy\_core\src\umath\svml
2026-07-27 14:43:57.062   Deleting directory: C:\Users\aaaha\AppData\Local\ClassInEDBMVP\installer-smoke\1.3.1-direct\_internal\numpy-2.4.6.dist-info\licenses\numpy\_core\src\umath
2026-07-27 14:43:57.062   Deleting file: C:\Users\aaaha\AppData\Local\ClassInEDBMVP\installer-smoke\1.3.1-direct\_internal\numpy-2.4.6.dist-info\licenses\numpy\_core\src\npysort\x86-simd-sort\LICENSE.md
2026-07-27 14:43:57.062   Deleting directory: C:\Users\aaaha\AppData\Local\ClassInEDBMVP\installer-smoke\1.3.1-direct\_internal\numpy-2.4.6.dist-info\licenses\numpy\_core\src\npysort\x86-simd-sort
2026-07-27 14:43:57.062   Deleting directory: C:\Users\aaaha\AppData\Local\ClassInEDBMVP\installer-smoke\1.3.1-direct\_internal\numpy-2.4.6.dist-info\licenses\numpy\_core\src\npysort
2026-07-27 14:43:57.062   Deleting file: C:\Users\aaaha\AppData\Local\ClassInEDBMVP\installer-smoke\1.3.1-direct\_internal\numpy-2.4.6.dist-info\licenses\numpy\_core\src\multiarray\dragon4_LICENSE.txt
2026-07-27 14:43:57.062   Deleting directory: C:\Users\aaaha\AppData\Local\ClassInEDBMVP\installer-smoke\1.3.1-direct\_internal\numpy-2.4.6.dist-info\licenses\numpy\_core\src\multiarray
2026-07-27 14:43:57.062   Deleting file: C:\Users\aaaha\AppData\Local\ClassInEDBMVP\installer-smoke\1.3.1-direct\_internal\numpy-2.4.6.dist-info\licenses\numpy\_core\src\highway\LICENSE
2026-07-27 14:43:57.062   Deleting directory: C:\Users\aaaha\AppData\Local\ClassInEDBMVP\installer-smoke\1.3.1-direct\_internal\numpy-2.4.6.dist-info\licenses\numpy\_core\src\highway
2026-07-27 14:43:57.062   Deleting file: C:\Users\aaaha\AppData\Local\ClassInEDBMVP\installer-smoke\1.3.1-direct\_internal\numpy-2.4.6.dist-info\licenses\numpy\_core\src\common\pythoncapi-compat\COPYING
2026-07-27 14:43:57.062   Deleting directory: C:\Users\aaaha\AppData\Local\ClassInEDBMVP\installer-smoke\1.3.1-direct\_internal\numpy-2.4.6.dist-info\licenses\numpy\_core\src\common\pythoncapi-compat
2026-07-27 14:43:57.063   Deleting directory: C:\Users\aaaha\AppData\Local\ClassInEDBMVP\installer-smoke\1.3.1-direct\_internal\numpy-2.4.6.dist-info\licenses\numpy\_core\src\common
2026-07-27 14:43:57.063   Deleting directory: C:\Users\aaaha\AppData\Local\ClassInEDBMVP\installer-smoke\1.3.1-direct\_internal\numpy-2.4.6.dist-info\licenses\numpy\_core\src
2026-07-27 14:43:57.063   Deleting file: C:\Users\aaaha\AppData\Local\ClassInEDBMVP\installer-smoke\1.3.1-direct\_internal\numpy-2.4.6.dist-info\licenses\numpy\_core\include\numpy\libdivide\LICENSE.txt
2026-07-27 14:43:57.063   Deleting directory: C:\Users\aaaha\AppData\Local\ClassInEDBMVP\installer-smoke\1.3.1-direct\_internal\numpy-2.4.6.dist-info\licenses\numpy\_core\include\numpy\libdivide
2026-07-27 14:43:57.063   Deleting directory: C:\Users\aaaha\AppData\Local\ClassInEDBMVP\installer-smoke\1.3.1-direct\_internal\numpy-2.4.6.dist-info\licenses\numpy\_core\include\numpy
2026-07-27 14:43:57.063   Deleting directory: C:\Users\aaaha\AppData\Local\ClassInEDBMVP\installer-smoke\1.3.1-direct\_internal\numpy-2.4.6.dist-info\licenses\numpy\_core\include
2026-07-27 14:43:57.063   Deleting directory: C:\Users\aaaha\AppData\Local\ClassInEDBMVP\installer-smoke\1.3.1-direct\_internal\numpy-2.4.6.dist-info\licenses\numpy\_core
2026-07-27 14:43:57.063   Deleting file: C:\Users\aaaha\AppData\Local\ClassInEDBMVP\installer-smoke\1.3.1-direct\_internal\numpy-2.4.6.dist-info\licenses\numpy\random\src\splitmix64\LICENSE.md
2026-07-27 14:43:57.063   Deleting directory: C:\Users\aaaha\AppData\Local\ClassInEDBMVP\installer-smoke\1.3.1-direct\_internal\numpy-2.4.6.dist-info\licenses\numpy\random\src\splitmix64
2026-07-27 14:43:57.064   Deleting file: C:\Users\aaaha\AppData\Local\ClassInEDBMVP\installer-smoke\1.3.1-direct\_internal\numpy-2.4.6.dist-info\licenses\numpy\random\src\sfc64\LICENSE.md
2026-07-27 14:43:57.064   Deleting directory: C:\Users\aaaha\AppData\Local\ClassInEDBMVP\installer-smoke\1.3.1-direct\_internal\numpy-2.4.6.dist-info\licenses\numpy\random\src\sfc64
2026-07-27 14:43:57.064   Deleting file: C:\Users\aaaha\AppData\Local\ClassInEDBMVP\installer-smoke\1.3.1-direct\_internal\numpy-2.4.6.dist-info\licenses\numpy\random\src\philox\LICENSE.md
2026-07-27 14:43:57.064   Deleting directory: C:\Users\aaaha\AppData\Local\ClassInEDBMVP\installer-smoke\1.3.1-direct\_internal\numpy-2.4.6.dist-info\licenses\numpy\random\src\philox
2026-07-27 14:43:57.064   Deleting file: C:\Users\aaaha\AppData\Local\ClassInEDBMVP\installer-smoke\1.3.1-direct\_internal\numpy-2.4.6.dist-info\licenses\numpy\random\src\pcg64\LICENSE.md
2026-07-27 14:43:57.064   Deleting directory: C:\Users\aaaha\AppData\Local\ClassInEDBMVP\installer-smoke\1.3.1-direct\_internal\numpy-2.4.6.dist-info\licenses\numpy\random\src\pcg64
2026-07-27 14:43:57.064   Deleting file: C:\Users\aaaha\AppData\Local\ClassInEDBMVP\installer-smoke\1.3.1-direct\_internal\numpy-2.4.6.dist-info\licenses\numpy\random\src\mt19937\LICENSE.md
2026-07-27 14:43:57.064   Deleting directory: C:\Users\aaaha\AppData\Local\ClassInEDBMVP\installer-smoke\1.3.1-direct\_internal\numpy-2.4.6.dist-info\licenses\numpy\random\src\mt19937
2026-07-27 14:43:57.064   Deleting file: C:\Users\aaaha\AppData\Local\ClassInEDBMVP\installer-smoke\1.3.1-direct\_internal\numpy-2.4.6.dist-info\licenses\numpy\random\src\distributions\LICENSE.md
2026-07-27 14:43:57.064   Deleting directory: C:\Users\aaaha\AppData\Local\ClassInEDBMVP\installer-smoke\1.3.1-direct\_internal\numpy-2.4.6.dist-info\licenses\numpy\random\src\distributions
2026-07-27 14:43:57.064   Deleting directory: C:\Users\aaaha\AppData\Local\ClassInEDBMVP\installer-smoke\1.3.1-direct\_internal\numpy-2.4.6.dist-info\licenses\numpy\random\src
2026-07-27 14:43:57.064   Deleting file: C:\Users\aaaha\AppData\Local\ClassInEDBMVP\installer-smoke\1.3.1-direct\_internal\numpy-2.4.6.dist-info\licenses\numpy\random\LICENSE.md
2026-07-27 14:43:57.064   Deleting directory: C:\Users\aaaha\AppData\Local\ClassInEDBMVP\installer-smoke\1.3.1-direct\_internal\numpy-2.4.6.dist-info\licenses\numpy\random
2026-07-27 14:43:57.064   Deleting file: C:\Users\aaaha\AppData\Local\ClassInEDBMVP\installer-smoke\1.3.1-direct\_internal\numpy-2.4.6.dist-info\licenses\numpy\ma\LICENSE
2026-07-27 14:43:57.064   Deleting directory: C:\Users\aaaha\AppData\Local\ClassInEDBMVP\installer-smoke\1.3.1-direct\_internal\numpy-2.4.6.dist-info\licenses\numpy\ma
2026-07-27 14:43:57.064   Deleting file: C:\Users\aaaha\AppData\Local\ClassInEDBMVP\installer-smoke\1.3.1-direct\_internal\numpy-2.4.6.dist-info\licenses\numpy\linalg\lapack_lite\LICENSE.txt
2026-07-27 14:43:57.065   Deleting directory: C:\Users\aaaha\AppData\Local\ClassInEDBMVP\installer-smoke\1.3.1-direct\_internal\numpy-2.4.6.dist-info\licenses\numpy\linalg\lapack_lite
2026-07-27 14:43:57.065   Deleting directory: C:\Users\aaaha\AppData\Local\ClassInEDBMVP\installer-smoke\1.3.1-direct\_internal\numpy-2.4.6.dist-info\licenses\numpy\linalg
2026-07-27 14:43:57.065   Deleting file: C:\Users\aaaha\AppData\Local\ClassInEDBMVP\installer-smoke\1.3.1-direct\_internal\numpy-2.4.6.dist-info\licenses\numpy\fft\pocketfft\LICENSE.md
2026-07-27 14:43:57.065   Deleting directory: C:\Users\aaaha\AppData\Local\ClassInEDBMVP\installer-smoke\1.3.1-direct\_internal\numpy-2.4.6.dist-info\licenses\numpy\fft\pocketfft
2026-07-27 14:43:57.065   Deleting directory: C:\Users\aaaha\AppData\Local\ClassInEDBMVP\installer-smoke\1.3.1-direct\_internal\numpy-2.4.6.dist-info\licenses\numpy\fft
2026-07-27 14:43:57.066   Deleting directory: C:\Users\aaaha\AppData\Local\ClassInEDBMVP\installer-smoke\1.3.1-direct\_internal\numpy-2.4.6.dist-info\licenses\numpy
2026-07-27 14:43:57.066   Deleting file: C:\Users\aaaha\AppData\Local\ClassInEDBMVP\installer-smoke\1.3.1-direct\_internal\numpy-2.4.6.dist-info\licenses\LICENSE.txt
2026-07-27 14:43:57.066   Deleting directory: C:\Users\aaaha\AppData\Local\ClassInEDBMVP\installer-smoke\1.3.1-direct\_internal\numpy-2.4.6.dist-info\licenses
2026-07-27 14:43:57.066   Deleting file: C:\Users\aaaha\AppData\Local\ClassInEDBMVP\installer-smoke\1.3.1-direct\_internal\numpy-2.4.6.dist-info\WHEEL
2026-07-27 14:43:57.066   Deleting file: C:\Users\aaaha\AppData\Local\ClassInEDBMVP\installer-smoke\1.3.1-direct\_internal\numpy-2.4.6.dist-info\REQUESTED
2026-07-27 14:43:57.066   Deleting file: C:\Users\aaaha\AppData\Local\ClassInEDBMVP\installer-smoke\1.3.1-direct\_internal\numpy-2.4.6.dist-info\RECORD
2026-07-27 14:43:57.066   Deleting file: C:\Users\aaaha\AppData\Local\ClassInEDBMVP\installer-smoke\1.3.1-direct\_internal\numpy-2.4.6.dist-info\METADATA
2026-07-27 14:43:57.066   Deleting file: C:\Users\aaaha\AppData\Local\ClassInEDBMVP\installer-smoke\1.3.1-direct\_internal\numpy-2.4.6.dist-info\INSTALLER
2026-07-27 14:43:57.066   Deleting file: C:\Users\aaaha\AppData\Local\ClassInEDBMVP\installer-smoke\1.3.1-direct\_internal\numpy-2.4.6.dist-info\entry_points.txt
2026-07-27 14:43:57.068   Deleting file: C:\Users\aaaha\AppData\Local\ClassInEDBMVP\installer-smoke\1.3.1-direct\_internal\numpy-2.4.6.dist-info\DELVEWHEEL
2026-07-27 14:43:57.068   Deleting directory: C:\Users\aaaha\AppData\Local\ClassInEDBMVP\installer-smoke\1.3.1-direct\_internal\numpy-2.4.6.dist-info
2026-07-27 14:43:57.068   Deleting file: C:\Users\aaaha\AppData\Local\ClassInEDBMVP\installer-smoke\1.3.1-direct\_internal\numpy\_core\_multiarray_umath.cp312-win_amd64.pyd
2026-07-27 14:43:57.068   Deleting file: C:\Users\aaaha\AppData\Local\ClassInEDBMVP\installer-smoke\1.3.1-direct\_internal\numpy\_core\_multiarray_tests.cp312-win_amd64.pyd
2026-07-27 14:43:57.069   Deleting directory: C:\Users\aaaha\AppData\Local\ClassInEDBMVP\installer-smoke\1.3.1-direct\_internal\numpy\_core
2026-07-27 14:43:57.069   Deleting file: C:\Users\aaaha\AppData\Local\ClassInEDBMVP\installer-smoke\1.3.1-direct\_internal\numpy\random\_sfc64.cp312-win_amd64.pyd
2026-07-27 14:43:57.069   Deleting file: C:\Users\aaaha\AppData\Local\ClassInEDBMVP\installer-smoke\1.3.1-direct\_internal\numpy\random\_philox.cp312-win_amd64.pyd
2026-07-27 14:43:57.069   Deleting file: C:\Users\aaaha\AppData\Local\ClassInEDBMVP\installer-smoke\1.3.1-direct\_internal\numpy\random\_pcg64.cp312-win_amd64.pyd
2026-07-27 14:43:57.069   Deleting file: C:\Users\aaaha\AppData\Local\ClassInEDBMVP\installer-smoke\1.3.1-direct\_internal\numpy\random\_mt19937.cp312-win_amd64.pyd
2026-07-27 14:43:57.069   Deleting file: C:\Users\aaaha\AppData\Local\ClassInEDBMVP\installer-smoke\1.3.1-direct\_internal\numpy\random\_generator.cp312-win_amd64.pyd
2026-07-27 14:43:57.069   Deleting file: C:\Users\aaaha\AppData\Local\ClassInEDBMVP\installer-smoke\1.3.1-direct\_internal\numpy\random\_common.cp312-win_amd64.pyd
2026-07-27 14:43:57.069   Deleting file: C:\Users\aaaha\AppData\Local\ClassInEDBMVP\installer-smoke\1.3.1-direct\_internal\numpy\random\_bounded_integers.cp312-win_amd64.pyd
2026-07-27 14:43:57.069   Deleting file: C:\Users\aaaha\AppData\Local\ClassInEDBMVP\installer-smoke\1.3.1-direct\_internal\numpy\random\mtrand.cp312-win_amd64.pyd
2026-07-27 14:43:57.069   Deleting file: C:\Users\aaaha\AppData\Local\ClassInEDBMVP\installer-smoke\1.3.1-direct\_internal\numpy\random\bit_generator.cp312-win_amd64.pyd
2026-07-27 14:43:57.069   Deleting directory: C:\Users\aaaha\AppData\Local\ClassInEDBMVP\installer-smoke\1.3.1-direct\_internal\numpy\random
2026-07-27 14:43:57.070   Deleting file: C:\Users\aaaha\AppData\Local\ClassInEDBMVP\installer-smoke\1.3.1-direct\_internal\numpy\linalg\_umath_linalg.cp312-win_amd64.pyd
2026-07-27 14:43:57.070   Deleting directory: C:\Users\aaaha\AppData\Local\ClassInEDBMVP\installer-smoke\1.3.1-direct\_internal\numpy\linalg
2026-07-27 14:43:57.070   Deleting file: C:\Users\aaaha\AppData\Local\ClassInEDBMVP\installer-smoke\1.3.1-direct\_internal\numpy\fft\_pocketfft_umath.cp312-win_amd64.pyd
2026-07-27 14:43:57.070   Deleting directory: C:\Users\aaaha\AppData\Local\ClassInEDBMVP\installer-smoke\1.3.1-direct\_internal\numpy\fft
2026-07-27 14:43:57.070   Deleting directory: C:\Users\aaaha\AppData\Local\ClassInEDBMVP\installer-smoke\1.3.1-direct\_internal\numpy
2026-07-27 14:43:57.070   Deleting file: C:\Users\aaaha\AppData\Local\ClassInEDBMVP\installer-smoke\1.3.1-direct\_internal\cv2\utils\__init__.py
2026-07-27 14:43:57.070   Deleting directory: C:\Users\aaaha\AppData\Local\ClassInEDBMVP\installer-smoke\1.3.1-direct\_internal\cv2\utils
2026-07-27 14:43:57.070   Deleting file: C:\Users\aaaha\AppData\Local\ClassInEDBMVP\installer-smoke\1.3.1-direct\_internal\cv2\typing\__init__.py
2026-07-27 14:43:57.070   Deleting directory: C:\Users\aaaha\AppData\Local\ClassInEDBMVP\installer-smoke\1.3.1-direct\_internal\cv2\typing
2026-07-27 14:43:57.070   Deleting file: C:\Users\aaaha\AppData\Local\ClassInEDBMVP\installer-smoke\1.3.1-direct\_internal\cv2\misc\__init__.py
2026-07-27 14:43:57.070   Deleting file: C:\Users\aaaha\AppData\Local\ClassInEDBMVP\installer-smoke\1.3.1-direct\_internal\cv2\misc\version.py
2026-07-27 14:43:57.070   Deleting directory: C:\Users\aaaha\AppData\Local\ClassInEDBMVP\installer-smoke\1.3.1-direct\_internal\cv2\misc
2026-07-27 14:43:57.070   Deleting file: C:\Users\aaaha\AppData\Local\ClassInEDBMVP\installer-smoke\1.3.1-direct\_internal\cv2\mat_wrapper\__init__.py
2026-07-27 14:43:57.070   Deleting directory: C:\Users\aaaha\AppData\Local\ClassInEDBMVP\installer-smoke\1.3.1-direct\_internal\cv2\mat_wrapper
2026-07-27 14:43:57.070   Deleting file: C:\Users\aaaha\AppData\Local\ClassInEDBMVP\installer-smoke\1.3.1-direct\_internal\cv2\gapi\__init__.py
2026-07-27 14:43:57.070   Deleting directory: C:\Users\aaaha\AppData\Local\ClassInEDBMVP\installer-smoke\1.3.1-direct\_internal\cv2\gapi
2026-07-27 14:43:57.072   Deleting file: C:\Users\aaaha\AppData\Local\ClassInEDBMVP\installer-smoke\1.3.1-direct\_internal\cv2\data\__init__.py
2026-07-27 14:43:57.072   Deleting directory: C:\Users\aaaha\AppData\Local\ClassInEDBMVP\installer-smoke\1.3.1-direct\_internal\cv2\data
2026-07-27 14:43:57.072   Deleting file: C:\Users\aaaha\AppData\Local\ClassInEDBMVP\installer-smoke\1.3.1-direct\_internal\cv2\__init__.py
2026-07-27 14:43:57.072   Deleting file: C:\Users\aaaha\AppData\Local\ClassInEDBMVP\installer-smoke\1.3.1-direct\_internal\cv2\version.py
2026-07-27 14:43:57.072   Deleting file: C:\Users\aaaha\AppData\Local\ClassInEDBMVP\installer-smoke\1.3.1-direct\_internal\cv2\opencv_videoio_ffmpeg4130_64.dll
2026-07-27 14:43:57.076   Deleting file: C:\Users\aaaha\AppData\Local\ClassInEDBMVP\installer-smoke\1.3.1-direct\_internal\cv2\load_config_py3.py
2026-07-27 14:43:57.076   Deleting file: C:\Users\aaaha\AppData\Local\ClassInEDBMVP\installer-smoke\1.3.1-direct\_internal\cv2\cv2.pyd
2026-07-27 14:43:57.083   Deleting file: C:\Users\aaaha\AppData\Local\ClassInEDBMVP\installer-smoke\1.3.1-direct\_internal\cv2\config.py
2026-07-27 14:43:57.084   Deleting file: C:\Users\aaaha\AppData\Local\ClassInEDBMVP\installer-smoke\1.3.1-direct\_internal\cv2\config-3.py
2026-07-27 14:43:57.084   Deleting directory: C:\Users\aaaha\AppData\Local\ClassInEDBMVP\installer-smoke\1.3.1-direct\_internal\cv2
2026-07-27 14:43:57.084   Deleting file: C:\Users\aaaha\AppData\Local\ClassInEDBMVP\installer-smoke\1.3.1-direct\_internal\assets\app_icon.png
2026-07-27 14:43:57.085   Deleting directory: C:\Users\aaaha\AppData\Local\ClassInEDBMVP\installer-smoke\1.3.1-direct\_internal\assets
2026-07-27 14:43:57.085   Deleting file: C:\Users\aaaha\AppData\Local\ClassInEDBMVP\installer-smoke\1.3.1-direct\_internal\_wmi.pyd
2026-07-27 14:43:57.085   Deleting file: C:\Users\aaaha\AppData\Local\ClassInEDBMVP\installer-smoke\1.3.1-direct\_internal\_uuid.pyd
2026-07-27 14:43:57.085   Deleting file: C:\Users\aaaha\AppData\Local\ClassInEDBMVP\installer-smoke\1.3.1-direct\_internal\_ssl.pyd
2026-07-27 14:43:57.085   Deleting file: C:\Users\aaaha\AppData\Local\ClassInEDBMVP\installer-smoke\1.3.1-direct\_internal\_socket.pyd
2026-07-27 14:43:57.085   Deleting file: C:\Users\aaaha\AppData\Local\ClassInEDBMVP\installer-smoke\1.3.1-direct\_internal\_queue.pyd
2026-07-27 14:43:57.085   Deleting file: C:\Users\aaaha\AppData\Local\ClassInEDBMVP\installer-smoke\1.3.1-direct\_internal\_overlapped.pyd
2026-07-27 14:43:57.085   Deleting file: C:\Users\aaaha\AppData\Local\ClassInEDBMVP\installer-smoke\1.3.1-direct\_internal\_multiprocessing.pyd
2026-07-27 14:43:57.085   Deleting file: C:\Users\aaaha\AppData\Local\ClassInEDBMVP\installer-smoke\1.3.1-direct\_internal\_lzma.pyd
2026-07-27 14:43:57.085   Deleting file: C:\Users\aaaha\AppData\Local\ClassInEDBMVP\installer-smoke\1.3.1-direct\_internal\_hashlib.pyd
2026-07-27 14:43:57.085   Deleting file: C:\Users\aaaha\AppData\Local\ClassInEDBMVP\installer-smoke\1.3.1-direct\_internal\_elementtree.pyd
2026-07-27 14:43:57.086   Deleting file: C:\Users\aaaha\AppData\Local\ClassInEDBMVP\installer-smoke\1.3.1-direct\_internal\_decimal.pyd
2026-07-27 14:43:57.086   Deleting file: C:\Users\aaaha\AppData\Local\ClassInEDBMVP\installer-smoke\1.3.1-direct\_internal\_ctypes.pyd
2026-07-27 14:43:57.086   Deleting file: C:\Users\aaaha\AppData\Local\ClassInEDBMVP\installer-smoke\1.3.1-direct\_internal\_bz2.pyd
2026-07-27 14:43:57.086   Deleting file: C:\Users\aaaha\AppData\Local\ClassInEDBMVP\installer-smoke\1.3.1-direct\_internal\_asyncio.pyd
2026-07-27 14:43:57.086   Deleting file: C:\Users\aaaha\AppData\Local\ClassInEDBMVP\installer-smoke\1.3.1-direct\_internal\VCRUNTIME140_1.dll
2026-07-27 14:43:57.086   Deleting file: C:\Users\aaaha\AppData\Local\ClassInEDBMVP\installer-smoke\1.3.1-direct\_internal\VCRUNTIME140.dll
2026-07-27 14:43:57.086   Deleting file: C:\Users\aaaha\AppData\Local\ClassInEDBMVP\installer-smoke\1.3.1-direct\_internal\unicodedata.pyd
2026-07-27 14:43:57.087   Deleting file: C:\Users\aaaha\AppData\Local\ClassInEDBMVP\installer-smoke\1.3.1-direct\_internal\ucrtbase.dll
2026-07-27 14:43:57.087   Deleting file: C:\Users\aaaha\AppData\Local\ClassInEDBMVP\installer-smoke\1.3.1-direct\_internal\select.pyd
2026-07-27 14:43:57.087   Deleting file: C:\Users\aaaha\AppData\Local\ClassInEDBMVP\installer-smoke\1.3.1-direct\_internal\python312.dll
2026-07-27 14:43:57.088   Deleting file: C:\Users\aaaha\AppData\Local\ClassInEDBMVP\installer-smoke\1.3.1-direct\_internal\python3.dll
2026-07-27 14:43:57.088   Deleting file: C:\Users\aaaha\AppData\Local\ClassInEDBMVP\installer-smoke\1.3.1-direct\_internal\pyexpat.pyd
2026-07-27 14:43:57.088   Deleting file: C:\Users\aaaha\AppData\Local\ClassInEDBMVP\installer-smoke\1.3.1-direct\_internal\MSVCP140.dll
2026-07-27 14:43:57.089   Deleting file: C:\Users\aaaha\AppData\Local\ClassInEDBMVP\installer-smoke\1.3.1-direct\_internal\libssl-3-x64.dll
2026-07-27 14:43:57.089   Deleting file: C:\Users\aaaha\AppData\Local\ClassInEDBMVP\installer-smoke\1.3.1-direct\_internal\libffi-8.dll
2026-07-27 14:43:57.089   Deleting file: C:\Users\aaaha\AppData\Local\ClassInEDBMVP\installer-smoke\1.3.1-direct\_internal\libcrypto-3-x64.dll
2026-07-27 14:43:57.090   Deleting file: C:\Users\aaaha\AppData\Local\ClassInEDBMVP\installer-smoke\1.3.1-direct\_internal\base_library.zip
2026-07-27 14:43:57.091   Deleting file: C:\Users\aaaha\AppData\Local\ClassInEDBMVP\installer-smoke\1.3.1-direct\_internal\app_update_config.json
2026-07-27 14:43:57.091   Deleting file: C:\Users\aaaha\AppData\Local\ClassInEDBMVP\installer-smoke\1.3.1-direct\_internal\api-ms-win-crt-utility-l1-1-0.dll
2026-07-27 14:43:57.091   Deleting file: C:\Users\aaaha\AppData\Local\ClassInEDBMVP\installer-smoke\1.3.1-direct\_internal\api-ms-win-crt-time-l1-1-0.dll
2026-07-27 14:43:57.091   Deleting file: C:\Users\aaaha\AppData\Local\ClassInEDBMVP\installer-smoke\1.3.1-direct\_internal\api-ms-win-crt-string-l1-1-0.dll
2026-07-27 14:43:57.091   Deleting file: C:\Users\aaaha\AppData\Local\ClassInEDBMVP\installer-smoke\1.3.1-direct\_internal\api-ms-win-crt-stdio-l1-1-0.dll
2026-07-27 14:43:57.091   Deleting file: C:\Users\aaaha\AppData\Local\ClassInEDBMVP\installer-smoke\1.3.1-direct\_internal\api-ms-win-crt-runtime-l1-1-0.dll
2026-07-27 14:43:57.091   Deleting file: C:\Users\aaaha\AppData\Local\ClassInEDBMVP\installer-smoke\1.3.1-direct\_internal\api-ms-win-crt-process-l1-1-0.dll
2026-07-27 14:43:57.091   Deleting file: C:\Users\aaaha\AppData\Local\ClassInEDBMVP\installer-smoke\1.3.1-direct\_internal\api-ms-win-crt-private-l1-1-0.dll
2026-07-27 14:43:57.091   Deleting file: C:\Users\aaaha\AppData\Local\ClassInEDBMVP\installer-smoke\1.3.1-direct\_internal\api-ms-win-crt-math-l1-1-0.dll
2026-07-27 14:43:57.092   Deleting file: C:\Users\aaaha\AppData\Local\ClassInEDBMVP\installer-smoke\1.3.1-direct\_internal\api-ms-win-crt-locale-l1-1-0.dll
2026-07-27 14:43:57.092   Deleting file: C:\Users\aaaha\AppData\Local\ClassInEDBMVP\installer-smoke\1.3.1-direct\_internal\api-ms-win-crt-heap-l1-1-0.dll
2026-07-27 14:43:57.092   Deleting file: C:\Users\aaaha\AppData\Local\ClassInEDBMVP\installer-smoke\1.3.1-direct\_internal\api-ms-win-crt-filesystem-l1-1-0.dll
2026-07-27 14:43:57.092   Deleting file: C:\Users\aaaha\AppData\Local\ClassInEDBMVP\installer-smoke\1.3.1-direct\_internal\api-ms-win-crt-environment-l1-1-0.dll
2026-07-27 14:43:57.092   Deleting file: C:\Users\aaaha\AppData\Local\ClassInEDBMVP\installer-smoke\1.3.1-direct\_internal\api-ms-win-crt-convert-l1-1-0.dll
2026-07-27 14:43:57.092   Deleting file: C:\Users\aaaha\AppData\Local\ClassInEDBMVP\installer-smoke\1.3.1-direct\_internal\api-ms-win-crt-conio-l1-1-0.dll
2026-07-27 14:43:57.092   Deleting file: C:\Users\aaaha\AppData\Local\ClassInEDBMVP\installer-smoke\1.3.1-direct\_internal\api-ms-win-core-util-l1-1-0.dll
2026-07-27 14:43:57.092   Deleting file: C:\Users\aaaha\AppData\Local\ClassInEDBMVP\installer-smoke\1.3.1-direct\_internal\api-ms-win-core-timezone-l1-1-0.dll
2026-07-27 14:43:57.092   Deleting file: C:\Users\aaaha\AppData\Local\ClassInEDBMVP\installer-smoke\1.3.1-direct\_internal\api-ms-win-core-sysinfo-l1-1-0.dll
2026-07-27 14:43:57.092   Deleting file: C:\Users\aaaha\AppData\Local\ClassInEDBMVP\installer-smoke\1.3.1-direct\_internal\api-ms-win-core-synch-l1-2-0.dll
2026-07-27 14:43:57.092   Deleting file: C:\Users\aaaha\AppData\Local\ClassInEDBMVP\installer-smoke\1.3.1-direct\_internal\api-ms-win-core-synch-l1-1-0.dll
2026-07-27 14:43:57.093   Deleting file: C:\Users\aaaha\AppData\Local\ClassInEDBMVP\installer-smoke\1.3.1-direct\_internal\api-ms-win-core-string-l1-1-0.dll
2026-07-27 14:43:57.093   Deleting file: C:\Users\aaaha\AppData\Local\ClassInEDBMVP\installer-smoke\1.3.1-direct\_internal\api-ms-win-core-rtlsupport-l1-1-0.dll
2026-07-27 14:43:57.093   Deleting file: C:\Users\aaaha\AppData\Local\ClassInEDBMVP\installer-smoke\1.3.1-direct\_internal\api-ms-win-core-profile-l1-1-0.dll
2026-07-27 14:43:57.093   Deleting file: C:\Users\aaaha\AppData\Local\ClassInEDBMVP\installer-smoke\1.3.1-direct\_internal\api-ms-win-core-processthreads-l1-1-1.dll
2026-07-27 14:43:57.093   Deleting file: C:\Users\aaaha\AppData\Local\ClassInEDBMVP\installer-smoke\1.3.1-direct\_internal\api-ms-win-core-processthreads-l1-1-0.dll
2026-07-27 14:43:57.093   Deleting file: C:\Users\aaaha\AppData\Local\ClassInEDBMVP\installer-smoke\1.3.1-direct\_internal\api-ms-win-core-processenvironment-l1-1-0.dll
2026-07-27 14:43:57.093   Deleting file: C:\Users\aaaha\AppData\Local\ClassInEDBMVP\installer-smoke\1.3.1-direct\_internal\api-ms-win-core-namedpipe-l1-1-0.dll
2026-07-27 14:43:57.093   Deleting file: C:\Users\aaaha\AppData\Local\ClassInEDBMVP\installer-smoke\1.3.1-direct\_internal\api-ms-win-core-memory-l1-1-0.dll
2026-07-27 14:43:57.093   Deleting file: C:\Users\aaaha\AppData\Local\ClassInEDBMVP\installer-smoke\1.3.1-direct\_internal\api-ms-win-core-localization-l1-2-0.dll
2026-07-27 14:43:57.094   Deleting file: C:\Users\aaaha\AppData\Local\ClassInEDBMVP\installer-smoke\1.3.1-direct\_internal\api-ms-win-core-libraryloader-l1-1-0.dll
2026-07-27 14:43:57.094   Deleting file: C:\Users\aaaha\AppData\Local\ClassInEDBMVP\installer-smoke\1.3.1-direct\_internal\api-ms-win-core-interlocked-l1-1-0.dll
2026-07-27 14:43:57.094   Deleting file: C:\Users\aaaha\AppData\Local\ClassInEDBMVP\installer-smoke\1.3.1-direct\_internal\api-ms-win-core-heap-l1-1-0.dll
2026-07-27 14:43:57.094   Deleting file: C:\Users\aaaha\AppData\Local\ClassInEDBMVP\installer-smoke\1.3.1-direct\_internal\api-ms-win-core-handle-l1-1-0.dll
2026-07-27 14:43:57.094   Deleting file: C:\Users\aaaha\AppData\Local\ClassInEDBMVP\installer-smoke\1.3.1-direct\_internal\api-ms-win-core-file-l2-1-0.dll
2026-07-27 14:43:57.094   Deleting file: C:\Users\aaaha\AppData\Local\ClassInEDBMVP\installer-smoke\1.3.1-direct\_internal\api-ms-win-core-file-l1-2-0.dll
2026-07-27 14:43:57.094   Deleting file: C:\Users\aaaha\AppData\Local\ClassInEDBMVP\installer-smoke\1.3.1-direct\_internal\api-ms-win-core-file-l1-1-0.dll
2026-07-27 14:43:57.094   Deleting file: C:\Users\aaaha\AppData\Local\ClassInEDBMVP\installer-smoke\1.3.1-direct\_internal\api-ms-win-core-errorhandling-l1-1-0.dll
2026-07-27 14:43:57.094   Deleting file: C:\Users\aaaha\AppData\Local\ClassInEDBMVP\installer-smoke\1.3.1-direct\_internal\api-ms-win-core-debug-l1-1-0.dll
2026-07-27 14:43:57.094   Deleting file: C:\Users\aaaha\AppData\Local\ClassInEDBMVP\installer-smoke\1.3.1-direct\_internal\api-ms-win-core-datetime-l1-1-0.dll
2026-07-27 14:43:57.095   Deleting file: C:\Users\aaaha\AppData\Local\ClassInEDBMVP\installer-smoke\1.3.1-direct\_internal\api-ms-win-core-console-l1-1-0.dll
2026-07-27 14:43:57.096   Deleting directory: C:\Users\aaaha\AppData\Local\ClassInEDBMVP\installer-smoke\1.3.1-direct\_internal
2026-07-27 14:43:57.097   Deleting file: C:\Users\aaaha\AppData\Local\ClassInEDBMVP\installer-smoke\1.3.1-direct\ClassInEDBMVP.exe
2026-07-27 14:43:57.098   Deleting directory: C:\Users\aaaha\AppData\Local\ClassInEDBMVP\installer-smoke\1.3.1-direct
2026-07-27 14:43:57.098   Failed to delete directory (145). Will retry later.
2026-07-27 14:43:57.098   Deleting directory: C:\Users\aaaha\AppData\Local\ClassInEDBMVP\installer-smoke
2026-07-27 14:43:57.098   Failed to delete directory (145). Will retry later.
2026-07-27 14:43:57.098   Deleting Uninstall data files.
2026-07-27 14:43:57.098   Creating "_unins-done.tmp" file.
2026-07-27 14:43:57.618   Deleting directory: C:\Users\aaaha\AppData\Local\ClassInEDBMVP\installer-smoke\1.3.1-direct
2026-07-27 14:43:57.618   Deleting directory: C:\Users\aaaha\AppData\Local\ClassInEDBMVP\installer-smoke
2026-07-27 14:43:57.672   Uninstallation process succeeded.
2026-07-27 14:43:57.672   Removed all? Yes
2026-07-27 14:43:57.672   Need to restart Windows? No
2026-07-27 14:43:57.673   Log closed.
